Archive member included to satisfy reference by file (symbol)

c:/st/stm32cubeide_1.11.0/stm32cubeide/plugins/com.st.stm32cube.ide.mcu.externaltools.gnu-tools-for-stm32.10.3-2021.10.win32_1.0.100.202210260954/tools/bin/../lib/gcc/arm-none-eabi/10.3.1/../../../../arm-none-eabi/lib/thumb/v7e-m+fp/hard\libc_nano.a(lib_a-errno.o)
                              ./Core/Src/System/syscalls.o (__errno)
c:/st/stm32cubeide_1.11.0/stm32cubeide/plugins/com.st.stm32cube.ide.mcu.externaltools.gnu-tools-for-stm32.10.3-2021.10.win32_1.0.100.202210260954/tools/bin/../lib/gcc/arm-none-eabi/10.3.1/../../../../arm-none-eabi/lib/thumb/v7e-m+fp/hard\libc_nano.a(lib_a-exit.o)
                              c:/st/stm32cubeide_1.11.0/stm32cubeide/plugins/com.st.stm32cube.ide.mcu.externaltools.gnu-tools-for-stm32.10.3-2021.10.win32_1.0.100.202210260954/tools/bin/../lib/gcc/arm-none-eabi/10.3.1/../../../../arm-none-eabi/lib/thumb/v7e-m+fp/hard/crt0.o (exit)
c:/st/stm32cubeide_1.11.0/stm32cubeide/plugins/com.st.stm32cube.ide.mcu.externaltools.gnu-tools-for-stm32.10.3-2021.10.win32_1.0.100.202210260954/tools/bin/../lib/gcc/arm-none-eabi/10.3.1/../../../../arm-none-eabi/lib/thumb/v7e-m+fp/hard\libc_nano.a(lib_a-impure.o)
                              c:/st/stm32cubeide_1.11.0/stm32cubeide/plugins/com.st.stm32cube.ide.mcu.externaltools.gnu-tools-for-stm32.10.3-2021.10.win32_1.0.100.202210260954/tools/bin/../lib/gcc/arm-none-eabi/10.3.1/../../../../arm-none-eabi/lib/thumb/v7e-m+fp/hard\libc_nano.a(lib_a-exit.o) (_global_impure_ptr)
c:/st/stm32cubeide_1.11.0/stm32cubeide/plugins/com.st.stm32cube.ide.mcu.externaltools.gnu-tools-for-stm32.10.3-2021.10.win32_1.0.100.202210260954/tools/bin/../lib/gcc/arm-none-eabi/10.3.1/../../../../arm-none-eabi/lib/thumb/v7e-m+fp/hard\libc_nano.a(lib_a-init.o)
                              c:/st/stm32cubeide_1.11.0/stm32cubeide/plugins/com.st.stm32cube.ide.mcu.externaltools.gnu-tools-for-stm32.10.3-2021.10.win32_1.0.100.202210260954/tools/bin/../lib/gcc/arm-none-eabi/10.3.1/../../../../arm-none-eabi/lib/thumb/v7e-m+fp/hard/crt0.o (__libc_init_array)
c:/st/stm32cubeide_1.11.0/stm32cubeide/plugins/com.st.stm32cube.ide.mcu.externaltools.gnu-tools-for-stm32.10.3-2021.10.win32_1.0.100.202210260954/tools/bin/../lib/gcc/arm-none-eabi/10.3.1/../../../../arm-none-eabi/lib/thumb/v7e-m+fp/hard\libc_nano.a(lib_a-memset.o)
                              c:/st/stm32cubeide_1.11.0/stm32cubeide/plugins/com.st.stm32cube.ide.mcu.externaltools.gnu-tools-for-stm32.10.3-2021.10.win32_1.0.100.202210260954/tools/bin/../lib/gcc/arm-none-eabi/10.3.1/../../../../arm-none-eabi/lib/thumb/v7e-m+fp/hard/crt0.o (memset)
c:/st/stm32cubeide_1.11.0/stm32cubeide/plugins/com.st.stm32cube.ide.mcu.externaltools.gnu-tools-for-stm32.10.3-2021.10.win32_1.0.100.202210260954/tools/bin/../lib/gcc/arm-none-eabi/10.3.1/../../../../arm-none-eabi/lib/thumb/v7e-m+fp/hard\libc_nano.a(lib_a-sprintf.o)
                              ./Core/Src/Demos/demo.o (sprintf)
c:/st/stm32cubeide_1.11.0/stm32cubeide/plugins/com.st.stm32cube.ide.mcu.externaltools.gnu-tools-for-stm32.10.3-2021.10.win32_1.0.100.202210260954/tools/bin/../lib/gcc/arm-none-eabi/10.3.1/../../../../arm-none-eabi/lib/thumb/v7e-m+fp/hard\libc_nano.a(lib_a-strcmp.o)
                              ./Core/Src/project.o (strcmp)
c:/st/stm32cubeide_1.11.0/stm32cubeide/plugins/com.st.stm32cube.ide.mcu.externaltools.gnu-tools-for-stm32.10.3-2021.10.win32_1.0.100.202210260954/tools/bin/../lib/gcc/arm-none-eabi/10.3.1/../../../../arm-none-eabi/lib/thumb/v7e-m+fp/hard\libc_nano.a(lib_a-strncpy.o)
                              ./Core/Src/Midi/midi.o (strncpy)
c:/st/stm32cubeide_1.11.0/stm32cubeide/plugins/com.st.stm32cube.ide.mcu.externaltools.gnu-tools-for-stm32.10.3-2021.10.win32_1.0.100.202210260954/tools/bin/../lib/gcc/arm-none-eabi/10.3.1/../../../../arm-none-eabi/lib/thumb/v7e-m+fp/hard\libc_nano.a(lib_a-vsprintf.o)
                              ./Core/Src/System/printf.o (vsprintf)
c:/st/stm32cubeide_1.11.0/stm32cubeide/plugins/com.st.stm32cube.ide.mcu.externaltools.gnu-tools-for-stm32.10.3-2021.10.win32_1.0.100.202210260954/tools/bin/../lib/gcc/arm-none-eabi/10.3.1/../../../../arm-none-eabi/lib/thumb/v7e-m+fp/hard\libc_nano.a(lib_a-nano-svfprintf.o)
                              c:/st/stm32cubeide_1.11.0/stm32cubeide/plugins/com.st.stm32cube.ide.mcu.externaltools.gnu-tools-for-stm32.10.3-2021.10.win32_1.0.100.202210260954/tools/bin/../lib/gcc/arm-none-eabi/10.3.1/../../../../arm-none-eabi/lib/thumb/v7e-m+fp/hard\libc_nano.a(lib_a-sprintf.o) (_svfprintf_r)
c:/st/stm32cubeide_1.11.0/stm32cubeide/plugins/com.st.stm32cube.ide.mcu.externaltools.gnu-tools-for-stm32.10.3-2021.10.win32_1.0.100.202210260954/tools/bin/../lib/gcc/arm-none-eabi/10.3.1/../../../../arm-none-eabi/lib/thumb/v7e-m+fp/hard\libc_nano.a(lib_a-nano-vfprintf_i.o)
[...]
Memory Configuration

Name             Origin             Length             Attributes
RAM              0x0000000020000000 0x0000000000018000 xrw
RAM2             0x0000000010000000 0x0000000000008000 xrw
FLASH            0x0000000008000000 0x0000000000100000 xr
*default*        0x0000000000000000 0xffffffffffffffff

Linker script and memory map

LOAD c:/st/stm32cubeide_1.11.0/stm32cubeide/plugins/com.st.stm32cube.ide.mcu.externaltools.gnu-tools-for-stm32.10.3-2021.10.win32_1.0.100.202210260954/tools/bin/../lib/gcc/arm-none-eabi/10.3.1/thumb/v7e-m+fp/hard/crti.o
LOAD c:/st/stm32cubeide_1.11.0/stm32cubeide/plugins/com.st.stm32cube.ide.mcu.externaltools.gnu-tools-for-stm32.10.3-2021.10.win32_1.0.100.202210260954/tools/bin/../lib/gcc/arm-none-eabi/10.3.1/thumb/v7e-m+fp/hard/crtbegin.o
LOAD c:/st/stm32cubeide_1.11.0/stm32cubeide/plugins/com.st.stm32cube.ide.mcu.externaltools.gnu-tools-for-stm32.10.3-2021.10.win32_1.0.100.202210260954/tools/bin/../lib/gcc/arm-none-eabi/10.3.1/../../../../arm-none-eabi/lib/thumb/v7e-m+fp/hard/crt0.o
LOAD ./Core/Src/Demos/adc_dac_demo.o
LOAD ./Core/Src/Demos/demo.o
LOAD ./Core/Src/Devices/GPIO.o
LOAD ./Core/Src/Devices/LED.o
LOAD ./Core/Src/Devices/UART.o
LOAD ./Core/Src/Devices/adc.o
LOAD ./Core/Src/Devices/dac.o
LOAD ./Core/Src/Midi/midi.o
LOAD ./Core/Src/Midi/song.o
LOAD ./Core/Src/Midi/tone.o
LOAD ./Core/Src/System/SysClock.o
LOAD ./Core/Src/System/little_endian.o
LOAD ./Core/Src/System/printf.o
LOAD ./Core/Src/System/syscalls.o
LOAD ./Core/Src/System/sysmem.o
LOAD ./Core/Src/System/system_stm32l4xx.o
LOAD ./Core/Src/System/systick.o
LOAD ./Core/Src/main.o
LOAD ./Core/Src/project.o
LOAD ./Core/Src/unused.o
LOAD ./Core/Startup/startup_stm32l476rgtx.o
LOAD ./Drivers/STM32L4xx_HAL_Driver/Src/stm32l4xx_hal.o
LOAD ./Drivers/STM32L4xx_HAL_Driver/Src/stm32l4xx_hal_adc.o
LOAD ./Drivers/STM32L4xx_HAL_Driver/Src/stm32l4xx_hal_adc_ex.o
LOAD ./Drivers/STM32L4xx_HAL_Driver/Src/stm32l4xx_hal_cortex.o
LOAD ./Drivers/STM32L4xx_HAL_Driver/Src/stm32l4xx_hal_dac.o
LOAD ./Drivers/STM32L4xx_HAL_Driver/Src/stm32l4xx_hal_dac_ex.o
LOAD ./Drivers/STM32L4xx_HAL_Driver/Src/stm32l4xx_hal_dma.o
LOAD ./Drivers/STM32L4xx_HAL_Driver/Src/stm32l4xx_hal_dma_ex.o
LOAD ./Drivers/STM32L4xx_HAL_Driver/Src/stm32l4xx_hal_exti.o
LOAD ./Drivers/STM32L4xx_HAL_Driver/Src/stm32l4xx_hal_flash.o
LOAD ./Drivers/STM32L4xx_HAL_Driver/Src/stm32l4xx_hal_flash_ex.o
LOAD ./Drivers/STM32L4xx_HAL_Driver/Src/stm32l4xx_hal_flash_ramfunc.o
LOAD ./Drivers/STM32L4xx_HAL_Driver/Src/stm32l4xx_hal_gpio.o
LOAD ./Drivers/STM32L4xx_HAL_Driver/Src/stm32l4xx_hal_i2c.o
LOAD ./Drivers/STM32L4xx_HAL_Driver/Src/stm32l4xx_hal_i2c_ex.o
LOAD ./Drivers/STM32L4xx_HAL_Driver/Src/stm32l4xx_hal_pwr.o
LOAD ./Drivers/STM32L4xx_HAL_Driver/Src/stm32l4xx_hal_pwr_ex.o
LOAD ./Drivers/STM32L4xx_HAL_Driver/Src/stm32l4xx_hal_rcc.o
LOAD ./Drivers/STM32L4xx_HAL_Driver/Src/stm32l4xx_hal_rcc_ex.o
START GROUP
LOAD c:/st/stm32cubeide_1.11.0/stm32cubeide/plugins/com.st.stm32cube.ide.mcu.externaltools.gnu-tools-for-stm32.10.3-2021.10.win32_1.0.100.202210260954/tools/bin/../lib/gcc/arm-none-eabi/10.3.1/../../../../arm-none-eabi/lib/thumb/v7e-m+fp/hard\libc_nano.a
LOAD c:/st/stm32cubeide_1.11.0/stm32cubeide/plugins/com.st.stm32cube.ide.mcu.externaltools.gnu-tools-for-stm32.10.3-2021.10.win32_1.0.100.202210260954/tools/bin/../lib/gcc/arm-none-eabi/10.3.1/../../../../arm-none-eabi/lib/thumb/v7e-m+fp/hard\libm.a
END GROUP
START GROUP
LOAD c:/st/stm32cubeide_1.11.0/stm32cubeide/plugins/com.st.stm32cube.ide.mcu.externaltools.gnu-tools-for-stm32.10.3-2021.10.win32_1.0.100.202210260954/tools/bin/../lib/gcc/arm-none-eabi/10.3.1/thumb/v7e-m+fp/hard\libgcc.a
LOAD c:/st/stm32cubeide_1.11.0/stm32cubeide/plugins/com.st.stm32cube.ide.mcu.externaltools.gnu-tools-for-stm32.10.3-2021.10.win32_1.0.100.202210260954/tools/bin/../lib/gcc/arm-none-eabi/10.3.1/../../../../arm-none-eabi/lib/thumb/v7e-m+fp/hard\libc_nano.a
END GROUP
START GROUP
LOAD c:/st/stm32cubeide_1.11.0/stm32cubeide/plugins/com.st.stm32cube.ide.mcu.externaltools.gnu-tools-for-stm32.10.3-2021.10.win32_1.0.100.202210260954/tools/bin/../lib/gcc/arm-none-eabi/10.3.1/thumb/v7e-m+fp/hard\libgcc.a
LOAD c:/st/stm32cubeide_1.11.0/stm32cubeide/plugins/com.st.stm32cube.ide.mcu.externaltools.gnu-tools-for-stm32.10.3-2021.10.win32_1.0.100.202210260954/tools/bin/../lib/gcc/arm-none-eabi/10.3.1/../../../../arm-none-eabi/lib/thumb/v7e-m+fp/hard\libc_nano.a
LOAD c:/st/stm32cubeide_1.11.0/stm32cubeide/plugins/com.st.stm32cube.ide.mcu.externaltools.gnu-tools-for-stm32.10.3-2021.10.win32_1.0.100.202210260954/tools/bin/../lib/gcc/arm-none-eabi/10.3.1/../../../../arm-none-eabi/lib/thumb/v7e-m+fp/hard\libnosys.a
END GROUP
START GROUP
LOAD c:/st/stm32cubeide_1.11.0/stm32cubeide/plugins/com.st.stm32cube.ide.mcu.externaltools.gnu-tools-for-stm32.10.3-2021.10.win32_1.0.100.202210260954/tools/bin/../lib/gcc/arm-none-eabi/10.3.1/thumb/v7e-m+fp/hard\libgcc.a
LOAD c:/st/stm32cubeide_1.11.0/stm32cubeide/plugins/com.st.stm32cube.ide.mcu.externaltools.gnu-tools-for-stm32.10.3-2021.10.win32_1.0.100.202210260954/tools/bin/../lib/gcc/arm-none-eabi/10.3.1/../../../../arm-none-eabi/lib/thumb/v7e-m+fp/hard\libc_nano.a
LOAD c:/st/stm32cubeide_1.11.0/stm32cubeide/plugins/com.st.stm32cube.ide.mcu.externaltools.gnu-tools-for-stm32.10.3-2021.10.win32_1.0.100.202210260954/tools/bin/../lib/gcc/arm-none-eabi/10.3.1/../../../../arm-none-eabi/lib/thumb/v7e-m+fp/hard\libnosys.a
END GROUP
LOAD c:/st/stm32cubeide_1.11.0/stm32cubeide/plugins/com.st.stm32cube.ide.mcu.externaltools.gnu-tools-for-stm32.10.3-2021.10.win32_1.0.100.202210260954/tools/bin/../lib/gcc/arm-none-eabi/10.3.1/thumb/v7e-m+fp/hard/crtend.o
LOAD c:/st/stm32cubeide_1.11.0/stm32cubeide/plugins/com.st.stm32cube.ide.mcu.externaltools.gnu-tools-for-stm32.10.3-2021.10.win32_1.0.100.202210260954/tools/bin/../lib/gcc/arm-none-eabi/10.3.1/thumb/v7e-m+fp/hard/crtn.o
                0x0000000020018000                _estack = (ORIGIN (RAM) + LENGTH (RAM))
                0x0000000000000200                _Min_Heap_Size = 0x200
                0x0000000000000400                _Min_Stack_Size = 0x400

.isr_vector     0x0000000008000000      0x188
                0x0000000008000000                . = ALIGN (0x4)
 *(.isr_vector)
 .isr_vector    0x0000000008000000      0x188 ./Core/Startup/startup_stm32l476rgtx.o
                0x0000000008000000                g_pfnVectors
                0x0000000008000188                . = ALIGN (0x4)

.text           0x0000000008000190     0x23cc
                0x0000000008000190                . = ALIGN (0x4)
 *(.text)
 .text          0x0000000008000190       0x40 c:/st/stm32cubeide_1.11.0/stm32cubeide/plugins/com.st.stm32cube.ide.mcu.externaltools.gnu-tools-for-stm32.10.3-2021.10.win32_1.0.100.202210260954/tools/bin/../lib/gcc/arm-none-eabi/10.3.1/thumb/v7e-m+fp/hard/crtbegin.o
 .text          0x00000000080001d0       0x14 c:/st/stm32cubeide_1.11.0/stm32cubeide/plugins/com.st.stm32cube.ide.mcu.externaltools.gnu-tools-for-stm32.10.3-2021.10.win32_1.0.100.202210260954/tools/bin/../lib/gcc/arm-none-eabi/10.3.1/../../../../arm-none-eabi/lib/thumb/v7e-m+fp/hard\libc_nano.a(lib_a-strcmp.o)
                0x00000000080001d0                strcmp
 *fill*         0x00000000080001e4        0xc 
 .text          0x00000000080001f0       0xa0 c:/st/stm32cubeide_1.11.0/stm32cubeide/plugins/com.st.stm32cube.ide.mcu.externaltools.gnu-tools-for-stm32.10.3-2021.10.win32_1.0.100.202210260954/tools/bin/../lib/gcc/arm-none-eabi/10.3.1/../../../../arm-none-eabi/lib/thumb/v7e-m+fp/hard\libc_nano.a(lib_a-memchr.o)
                0x00000000080001f0                memchr
 *(.text*)
 .text.Error_Handler
                0x0000000008000290        0xe ./Core/Src/Demos/adc_dac_demo.o
                0x0000000008000290                Error_Handler
 *fill*         0x000000000800029e        0x2 
 .text.__NVIC_EnableIRQ
                0x00000000080002a0       0x3c ./Core/Src/Devices/GPIO.o
 .text.GPIO_Init
                0x00000000080002dc       0xcc ./Core/Src/Devices/GPIO.o
                0x00000000080002dc                GPIO_Init
 .text.EXTI15_10_IRQHandler
                0x00000000080003a8       0xac ./Core/Src/Devices/GPIO.o
                0x00000000080003a8                EXTI15_10_IRQHandler
 .text.EXTI9_5_IRQHandler
                0x0000000008000454      0x1b8 ./Core/Src/Devices/GPIO.o
                0x0000000008000454                EXTI9_5_IRQHandler
 .text.get_remote
                0x000000000800060c       0x14 ./Core/Src/Devices/GPIO.o
                0x000000000800060c                get_remote
 .text.get_paused
                0x0000000008000620       0x14 ./Core/Src/Devices/GPIO.o
                0x0000000008000620                get_paused
 .text.LED_Init
                0x0000000008000634       0xbc ./Core/Src/Devices/LED.o
                0x0000000008000634                LED_Init
 .text.LED_On   0x00000000080006f0       0x2c ./Core/Src/Devices/LED.o
                0x00000000080006f0                LED_On
 .text.LED_Off  0x000000000800071c       0x2e ./Core/Src/Devices/LED.o
                0x000000000800071c                LED_Off
 .text.LED_Toggle
                0x000000000800074a       0x2c ./Core/Src/Devices/LED.o
                0x000000000800074a                LED_Toggle
 *fill*         0x0000000008000776        0x2 
 .text.UART2_Init
                0x0000000008000778       0x54 ./Core/Src/Devices/UART.o
                0x0000000008000778                UART2_Init
 .text.UART2_GPIO_Init
                0x00000000080007cc       0x90 ./Core/Src/Devices/UART.o
                0x00000000080007cc                UART2_GPIO_Init
 .text.USART_Init
                0x000000000800085c      0x10c ./Core/Src/Devices/UART.o
                0x000000000800085c                USART_Init
 .text.USART_Read_NB
                0x0000000008000968       0x2c ./Core/Src/Devices/UART.o
                0x0000000008000968                USART_Read_NB
 .text.USART_Write
                0x0000000008000994       0x66 ./Core/Src/Devices/UART.o
                0x0000000008000994                USART_Write
 *fill*         0x00000000080009fa        0x2 
 .text.USART_Delay
                0x00000000080009fc       0x40 ./Core/Src/Devices/UART.o
                0x00000000080009fc                USART_Delay
 .text.HAL_DAC_MspInit
                0x0000000008000a3c       0x7c ./Core/Src/Devices/dac.o
                0x0000000008000a3c                HAL_DAC_MspInit
 .text.DAC_Init
                0x0000000008000ab8       0x64 ./Core/Src/Devices/dac.o
                0x0000000008000ab8                DAC_Init
 .text.DAC_Start
                0x0000000008000b1c       0x14 ./Core/Src/Devices/dac.o
                0x0000000008000b1c                DAC_Start
 .text.get_song
                0x0000000008000b30       0x30 ./Core/Src/Midi/song.o
                0x0000000008000b30                get_song
 .text.get_title
                0x0000000008000b60       0xfc ./Core/Src/Midi/song.o
                0x0000000008000b60                get_title
 .text.get_copyright
                0x0000000008000c5c      0x118 ./Core/Src/Midi/song.o
                0x0000000008000c5c                get_copyright
 .text.get_tempo
                0x0000000008000d74       0xa6 ./Core/Src/Midi/song.o
                0x0000000008000d74                get_tempo
 *fill*         0x0000000008000e1a        0x2 
 .text.midi_track
                0x0000000008000e1c       0x58 ./Core/Src/Midi/song.o
                0x0000000008000e1c                midi_track
 .text.System_Clock_Init
                0x0000000008000e74      0x1bc ./Core/Src/System/SysClock.o
                0x0000000008000e74                System_Clock_Init
 .text.printf   0x0000000008001030       0x40 ./Core/Src/System/printf.o
                0x0000000008001030                printf
 .text._sbrk    0x0000000008001070       0x6c ./Core/Src/System/sysmem.o
                0x0000000008001070                _sbrk
 .text.SystemInit
                0x00000000080010dc       0x6c ./Core/Src/System/system_stm32l4xx.o
                0x00000000080010dc                SystemInit
 .text.get_count
                0x0000000008001148       0x14 ./Core/Src/System/systick.o
                0x0000000008001148                get_count
 .text.init_systick
                0x000000000800115c       0x58 ./Core/Src/System/systick.o
                0x000000000800115c                init_systick
 .text.SysTick_Handler
                0x00000000080011b4       0x44 ./Core/Src/System/systick.o
                0x00000000080011b4                SysTick_Handler
 .text.reset    0x00000000080011f8       0x18 ./Core/Src/System/systick.o
                0x00000000080011f8                reset
 .text.get_elapsed
                0x0000000008001210       0x14 ./Core/Src/System/systick.o
                0x0000000008001210                get_elapsed
 .text.main     0x0000000008001224       0x28 ./Core/Src/main.o
                0x0000000008001224                main
 .text.local_echo
                0x000000000800124c       0x44 ./Core/Src/project.o
                0x000000000800124c                local_echo
 .text.runsong  0x0000000008001290      0x1ac ./Core/Src/project.o
                0x0000000008001290                runsong
 .text.Reset_Handler
                0x000000000800143c       0x50 ./Core/Startup/startup_stm32l476rgtx.o
                0x000000000800143c                Reset_Handler
 .text.Default_Handler
                0x000000000800148c        0x2 ./Core/Startup/startup_stm32l476rgtx.o
                0x000000000800148c                RTC_Alarm_IRQHandler
                0x000000000800148c                EXTI2_IRQHandler
                0x000000000800148c                TIM8_TRG_COM_IRQHandler
                0x000000000800148c                TIM8_CC_IRQHandler
                0x000000000800148c                DebugMon_Handler
                0x000000000800148c                TIM1_CC_IRQHandler
                0x000000000800148c                TSC_IRQHandler
                0x000000000800148c                HardFault_Handler
                0x000000000800148c                TAMP_STAMP_IRQHandler
                0x000000000800148c                PendSV_Handler
                0x000000000800148c                NMI_Handler
                0x000000000800148c                EXTI3_IRQHandler
                0x000000000800148c                LPTIM2_IRQHandler
                0x000000000800148c                DFSDM1_FLT1_IRQHandler
                0x000000000800148c                I2C3_ER_IRQHandler
                0x000000000800148c                DFSDM1_FLT2_IRQHandler
                0x000000000800148c                EXTI0_IRQHandler
                0x000000000800148c                I2C2_EV_IRQHandler
                0x000000000800148c                CAN1_RX0_IRQHandler
                0x000000000800148c                FPU_IRQHandler
                0x000000000800148c                TIM1_UP_TIM16_IRQHandler
                0x000000000800148c                UsageFault_Handler
                0x000000000800148c                ADC1_2_IRQHandler
                0x000000000800148c                SPI1_IRQHandler
                0x000000000800148c                TIM6_DAC_IRQHandler
                0x000000000800148c                TIM8_UP_IRQHandler
                0x000000000800148c                DMA2_Channel2_IRQHandler
                0x000000000800148c                DMA1_Channel4_IRQHandler
                0x000000000800148c                SAI2_IRQHandler
                0x000000000800148c                DFSDM1_FLT3_IRQHandler
                0x000000000800148c                USART3_IRQHandler
                0x000000000800148c                DMA1_Channel7_IRQHandler
                0x000000000800148c                CAN1_RX1_IRQHandler
                0x000000000800148c                LCD_IRQHandler
                0x000000000800148c                UART5_IRQHandler
                0x000000000800148c                ADC3_IRQHandler
                0x000000000800148c                TIM4_IRQHandler
                0x000000000800148c                DMA2_Channel1_IRQHandler
                0x000000000800148c                QUADSPI_IRQHandler
                0x000000000800148c                I2C1_EV_IRQHandler
                0x000000000800148c                DMA1_Channel6_IRQHandler
                0x000000000800148c                UART4_IRQHandler
                0x000000000800148c                DMA2_Channel4_IRQHandler
                0x000000000800148c                TIM3_IRQHandler
                0x000000000800148c                RCC_IRQHandler
                0x000000000800148c                DMA1_Channel1_IRQHandler
                0x000000000800148c                Default_Handler
                0x000000000800148c                DMA2_Channel7_IRQHandler
                0x000000000800148c                TIM7_IRQHandler
                0x000000000800148c                SDMMC1_IRQHandler
                0x000000000800148c                TIM5_IRQHandler
                0x000000000800148c                I2C3_EV_IRQHandler
                0x000000000800148c                RTC_WKUP_IRQHandler
                0x000000000800148c                PVD_PVM_IRQHandler
                0x000000000800148c                SPI2_IRQHandler
                0x000000000800148c                MemManage_Handler
                0x000000000800148c                CAN1_TX_IRQHandler
                0x000000000800148c                SVC_Handler
                0x000000000800148c                DMA2_Channel5_IRQHandler
                0x000000000800148c                DMA1_Channel5_IRQHandler
                0x000000000800148c                EXTI4_IRQHandler
                0x000000000800148c                RNG_IRQHandler
                0x000000000800148c                TIM1_TRG_COM_TIM17_IRQHandler
                0x000000000800148c                DMA1_Channel3_IRQHandler
                0x000000000800148c                COMP_IRQHandler
                0x000000000800148c                WWDG_IRQHandler
                0x000000000800148c                LPUART1_IRQHandler
                0x000000000800148c                DMA2_Channel6_IRQHandler
                0x000000000800148c                TIM2_IRQHandler
                0x000000000800148c                EXTI1_IRQHandler
                0x000000000800148c                USART2_IRQHandler
                0x000000000800148c                DFSDM1_FLT0_IRQHandler
                0x000000000800148c                I2C2_ER_IRQHandler
                0x000000000800148c                DMA1_Channel2_IRQHandler
                0x000000000800148c                TIM8_BRK_IRQHandler
                0x000000000800148c                CAN1_SCE_IRQHandler
                0x000000000800148c                FLASH_IRQHandler
                0x000000000800148c                BusFault_Handler
                0x000000000800148c                USART1_IRQHandler
                0x000000000800148c                OTG_FS_IRQHandler
                0x000000000800148c                SPI3_IRQHandler
                0x000000000800148c                I2C1_ER_IRQHandler
                0x000000000800148c                FMC_IRQHandler
                0x000000000800148c                SWPMI1_IRQHandler
                0x000000000800148c                LPTIM1_IRQHandler
                0x000000000800148c                SAI1_IRQHandler
                0x000000000800148c                DMA2_Channel3_IRQHandler
                0x000000000800148c                TIM1_BRK_TIM15_IRQHandler
 *fill*         0x000000000800148e        0x2 
 .text.HAL_GetTick
                0x0000000008001490       0x18 ./Drivers/STM32L4xx_HAL_Driver/Src/stm32l4xx_hal.o
                0x0000000008001490                HAL_GetTick
 .text.HAL_Delay
                0x00000000080014a8       0x48 ./Drivers/STM32L4xx_HAL_Driver/Src/stm32l4xx_hal.o
                0x00000000080014a8                HAL_Delay
 .text.HAL_DAC_Init
                0x00000000080014f0       0x44 ./Drivers/STM32L4xx_HAL_Driver/Src/stm32l4xx_hal_dac.o
                0x00000000080014f0                HAL_DAC_Init
 .text.HAL_DAC_Start
                0x0000000008001534       0x9a ./Drivers/STM32L4xx_HAL_Driver/Src/stm32l4xx_hal_dac.o
                0x0000000008001534                HAL_DAC_Start
 .text.HAL_DAC_ConfigChannel
                0x00000000080015ce      0x234 ./Drivers/STM32L4xx_HAL_Driver/Src/stm32l4xx_hal_dac.o
                0x00000000080015ce                HAL_DAC_ConfigChannel
 *fill*         0x0000000008001802        0x2 
 .text.HAL_GPIO_Init
                0x0000000008001804      0x354 ./Drivers/STM32L4xx_HAL_Driver/Src/stm32l4xx_hal_gpio.o
                0x0000000008001804                HAL_GPIO_Init
 .text.HAL_GPIO_ReadPin
                0x0000000008001b58       0x30 ./Drivers/STM32L4xx_HAL_Driver/Src/stm32l4xx_hal_gpio.o
                0x0000000008001b58                HAL_GPIO_ReadPin
 .text.HAL_GPIO_TogglePin
                0x0000000008001b88       0x34 ./Drivers/STM32L4xx_HAL_Driver/Src/stm32l4xx_hal_gpio.o
                0x0000000008001b88                HAL_GPIO_TogglePin
 .text.HAL_GPIO_EXTI_IRQHandler
                0x0000000008001bbc       0x30 ./Drivers/STM32L4xx_HAL_Driver/Src/stm32l4xx_hal_gpio.o
                0x0000000008001bbc                HAL_GPIO_EXTI_IRQHandler
 .text.HAL_GPIO_EXTI_Callback
                0x0000000008001bec       0x16 ./Drivers/STM32L4xx_HAL_Driver/Src/stm32l4xx_hal_gpio.o
                0x0000000008001bec                HAL_GPIO_EXTI_Callback
 *fill*         0x0000000008001c02        0x2 
 .text.__errno  0x0000000008001c04        0xc c:/st/stm32cubeide_1.11.0/stm32cubeide/plugins/com.st.stm32cube.ide.mcu.externaltools.gnu-tools-for-stm32.10.3-2021.10.win32_1.0.100.202210260954/tools/bin/../lib/gcc/arm-none-eabi/10.3.1/../../../../arm-none-eabi/lib/thumb/v7e-m+fp/hard\libc_nano.a(lib_a-errno.o)
                0x0000000008001c04                __errno
 .text.__libc_init_array
                0x0000000008001c10       0x48 c:/st/stm32cubeide_1.11.0/stm32cubeide/plugins/com.st.stm32cube.ide.mcu.externaltools.gnu-tools-for-stm32.10.3-2021.10.win32_1.0.100.202210260954/tools/bin/../lib/gcc/arm-none-eabi/10.3.1/../../../../arm-none-eabi/lib/thumb/v7e-m+fp/hard\libc_nano.a(lib_a-init.o)
                0x0000000008001c10                __libc_init_array
 .text.memset   0x0000000008001c58       0x10 c:/st/stm32cubeide_1.11.0/stm32cubeide/plugins/com.st.stm32cube.ide.mcu.externaltools.gnu-tools-for-stm32.10.3-2021.10.win32_1.0.100.202210260954/tools/bin/../lib/gcc/arm-none-eabi/10.3.1/../../../../arm-none-eabi/lib/thumb/v7e-m+fp/hard\libc_nano.a(lib_a-memset.o)
                0x0000000008001c58                memset
 .text._vsprintf_r
                0x0000000008001c68       0x2c c:/st/stm32cubeide_1.11.0/stm32cubeide/plugins/com.st.stm32cube.ide.mcu.externaltools.gnu-tools-for-stm32.10.3-2021.10.win32_1.0.100.202210260954/tools/bin/../lib/gcc/arm-none-eabi/10.3.1/../../../../arm-none-eabi/lib/thumb/v7e-m+fp/hard\libc_nano.a(lib_a-vsprintf.o)
                0x0000000008001c68                _vsprintf_r
                0x0000000008001c68                _vsiprintf_r
 .text.vsprintf
                0x0000000008001c94       0x14 c:/st/stm32cubeide_1.11.0/stm32cubeide/plugins/com.st.stm32cube.ide.mcu.externaltools.gnu-tools-for-stm32.10.3-2021.10.win32_1.0.100.202210260954/tools/bin/../lib/gcc/arm-none-eabi/10.3.1/../../../../arm-none-eabi/lib/thumb/v7e-m+fp/hard\libc_nano.a(lib_a-vsprintf.o)
                0x0000000008001c94                vsiprintf
                0x0000000008001c94                vsprintf
 .text.__ssputs_r
                0x0000000008001ca8       0xb6 c:/st/stm32cubeide_1.11.0/stm32cubeide/plugins/com.st.stm32cube.ide.mcu.externaltools.gnu-tools-for-stm32.10.3-2021.10.win32_1.0.100.202210260954/tools/bin/../lib/gcc/arm-none-eabi/10.3.1/../../../../arm-none-eabi/lib/thumb/v7e-m+fp/hard\libc_nano.a(lib_a-nano-svfprintf.o)
                0x0000000008001ca8                __ssputs_r
 *fill*         0x0000000008001d5e        0x2 
 .text._svfprintf_r
                0x0000000008001d60      0x200 c:/st/stm32cubeide_1.11.0/stm32cubeide/plugins/com.st.stm32cube.ide.mcu.externaltools.gnu-tools-for-stm32.10.3-2021.10.win32_1.0.100.202210260954/tools/bin/../lib/gcc/arm-none-eabi/10.3.1/../../../../arm-none-eabi/lib/thumb/v7e-m+fp/hard\libc_nano.a(lib_a-nano-svfprintf.o)
                0x0000000008001d60                _svfiprintf_r
                0x0000000008001d60                _svfprintf_r
 .text._printf_common
                0x0000000008001f60       0xda c:/st/stm32cubeide_1.11.0/stm32cubeide/plugins/com.st.stm32cube.ide.mcu.externaltools.gnu-tools-for-stm32.10.3-2021.10.win32_1.0.100.202210260954/tools/bin/../lib/gcc/arm-none-eabi/10.3.1/../../../../arm-none-eabi/lib/thumb/v7e-m+fp/hard\libc_nano.a(lib_a-nano-vfprintf_i.o)
                0x0000000008001f60                _printf_common
 *fill*         0x000000000800203a        0x2 
 .text._printf_i
                0x000000000800203c      0x24c c:/st/stm32cubeide_1.11.0/stm32cubeide/plugins/com.st.stm32cube.ide.mcu.externaltools.gnu-tools-for-stm32.10.3-2021.10.win32_1.0.100.202210260954/tools/bin/../lib/gcc/arm-none-eabi/10.3.1/../../../../arm-none-eabi/lib/thumb/v7e-m+fp/hard\libc_nano.a(lib_a-nano-vfprintf_i.o)
                0x000000000800203c                _printf_i
 .text.memcpy   0x0000000008002288       0x1c c:/st/stm32cubeide_1.11.0/stm32cubeide/plugins/com.st.stm32cube.ide.mcu.externaltools.gnu-tools-for-stm32.10.3-2021.10.win32_1.0.100.202210260954/tools/bin/../lib/gcc/arm-none-eabi/10.3.1/../../../../arm-none-eabi/lib/thumb/v7e-m+fp/hard\libc_nano.a(lib_a-memcpy-stub.o)
                0x0000000008002288                memcpy
 .text.memmove  0x00000000080022a4       0x34 c:/st/stm32cubeide_1.11.0/stm32cubeide/plugins/com.st.stm32cube.ide.mcu.externaltools.gnu-tools-for-stm32.10.3-2021.10.win32_1.0.100.202210260954/tools/bin/../lib/gcc/arm-none-eabi/10.3.1/../../../../arm-none-eabi/lib/thumb/v7e-m+fp/hard\libc_nano.a(lib_a-memmove.o)
                0x00000000080022a4                memmove
 .text._free_r  0x00000000080022d8       0x98 c:/st/stm32cubeide_1.11.0/stm32cubeide/plugins/com.st.stm32cube.ide.mcu.externaltools.gnu-tools-for-stm32.10.3-2021.10.win32_1.0.100.202210260954/tools/bin/../lib/gcc/arm-none-eabi/10.3.1/../../../../arm-none-eabi/lib/thumb/v7e-m+fp/hard\libc_nano.a(lib_a-nano-freer.o)
                0x00000000080022d8                _free_r
 .text.sbrk_aligned
                0x0000000008002370       0x40 c:/st/stm32cubeide_1.11.0/stm32cubeide/plugins/com.st.stm32cube.ide.mcu.externaltools.gnu-tools-for-stm32.10.3-2021.10.win32_1.0.100.202210260954/tools/bin/../lib/gcc/arm-none-eabi/10.3.1/../../../../arm-none-eabi/lib/thumb/v7e-m+fp/hard\libc_nano.a(lib_a-nano-mallocr.o)
 .text._malloc_r
                0x00000000080023b0       0xe8 c:/st/stm32cubeide_1.11.0/stm32cubeide/plugins/com.st.stm32cube.ide.mcu.externaltools.gnu-tools-for-stm32.10.3-2021.10.win32_1.0.100.202210260954/tools/bin/../lib/gcc/arm-none-eabi/10.3.1/../../../../arm-none-eabi/lib/thumb/v7e-m+fp/hard\libc_nano.a(lib_a-nano-mallocr.o)
                0x00000000080023b0                _malloc_r
 .text._realloc_r
                0x0000000008002498       0x5e c:/st/stm32cubeide_1.11.0/stm32cubeide/plugins/com.st.stm32cube.ide.mcu.externaltools.gnu-tools-for-stm32.10.3-2021.10.win32_1.0.100.202210260954/tools/bin/../lib/gcc/arm-none-eabi/10.3.1/../../../../arm-none-eabi/lib/thumb/v7e-m+fp/hard\libc_nano.a(lib_a-nano-reallocr.o)
                0x0000000008002498                _realloc_r
 *fill*         0x00000000080024f6        0x2 
 .text._sbrk_r  0x00000000080024f8       0x20 c:/st/stm32cubeide_1.11.0/stm32cubeide/plugins/com.st.stm32cube.ide.mcu.externaltools.gnu-tools-for-stm32.10.3-2021.10.win32_1.0.100.202210260954/tools/bin/../lib/gcc/arm-none-eabi/10.3.1/../../../../arm-none-eabi/lib/thumb/v7e-m+fp/hard\libc_nano.a(lib_a-sbrkr.o)
                0x00000000080024f8                _sbrk_r
 .text.__malloc_lock
                0x0000000008002518        0xc c:/st/stm32cubeide_1.11.0/stm32cubeide/plugins/com.st.stm32cube.ide.mcu.externaltools.gnu-tools-for-stm32.10.3-2021.10.win32_1.0.100.202210260954/tools/bin/../lib/gcc/arm-none-eabi/10.3.1/../../../../arm-none-eabi/lib/thumb/v7e-m+fp/hard\libc_nano.a(lib_a-mlock.o)
                0x0000000008002518                __malloc_lock
 .text.__malloc_unlock
                0x0000000008002524        0xc c:/st/stm32cubeide_1.11.0/stm32cubeide/plugins/com.st.stm32cube.ide.mcu.externaltools.gnu-tools-for-stm32.10.3-2021.10.win32_1.0.100.202210260954/tools/bin/../lib/gcc/arm-none-eabi/10.3.1/../../../../arm-none-eabi/lib/thumb/v7e-m+fp/hard\libc_nano.a(lib_a-mlock.o)
                0x0000000008002524                __malloc_unlock
 .text._malloc_usable_size_r
                0x0000000008002530       0x10 c:/st/stm32cubeide_1.11.0/stm32cubeide/plugins/com.st.stm32cube.ide.mcu.externaltools.gnu-tools-for-stm32.10.3-2021.10.win32_1.0.100.202210260954/tools/bin/../lib/gcc/arm-none-eabi/10.3.1/../../../../arm-none-eabi/lib/thumb/v7e-m+fp/hard\libc_nano.a(lib_a-nano-msizer.o)
                0x0000000008002530                _malloc_usable_size_r
 .text.__retarget_lock_acquire_recursive
                0x0000000008002540        0x2 c:/st/stm32cubeide_1.11.0/stm32cubeide/plugins/com.st.stm32cube.ide.mcu.externaltools.gnu-tools-for-stm32.10.3-2021.10.win32_1.0.100.202210260954/tools/bin/../lib/gcc/arm-none-eabi/10.3.1/../../../../arm-none-eabi/lib/thumb/v7e-m+fp/hard\libc_nano.a(lib_a-lock.o)
                0x0000000008002540                __retarget_lock_acquire_recursive
 .text.__retarget_lock_release_recursive
                0x0000000008002542        0x2 c:/st/stm32cubeide_1.11.0/stm32cubeide/plugins/com.st.stm32cube.ide.mcu.externaltools.gnu-tools-for-stm32.10.3-2021.10.win32_1.0.100.202210260954/tools/bin/../lib/gcc/arm-none-eabi/10.3.1/../../../../arm-none-eabi/lib/thumb/v7e-m+fp/hard\libc_nano.a(lib_a-lock.o)
                0x0000000008002542                __retarget_lock_release_recursive
 *(.glue_7)
 .glue_7        0x0000000008002544        0x0 linker stubs
 *(.glue_7t)
 .glue_7t       0x0000000008002544        0x0 linker stubs
 *(.eh_frame)
 .eh_frame      0x0000000008002544        0x0 c:/st/stm32cubeide_1.11.0/stm32cubeide/plugins/com.st.stm32cube.ide.mcu.externaltools.gnu-tools-for-stm32.10.3-2021.10.win32_1.0.100.202210260954/tools/bin/../lib/gcc/arm-none-eabi/10.3.1/thumb/v7e-m+fp/hard/crtbegin.o
 *(.init)
 .init          0x0000000008002544        0x4 c:/st/stm32cubeide_1.11.0/stm32cubeide/plugins/com.st.stm32cube.ide.mcu.externaltools.gnu-tools-for-stm32.10.3-2021.10.win32_1.0.100.202210260954/tools/bin/../lib/gcc/arm-none-eabi/10.3.1/thumb/v7e-m+fp/hard/crti.o
                0x0000000008002544                _init
 .init          0x0000000008002548        0x8 c:/st/stm32cubeide_1.11.0/stm32cubeide/plugins/com.st.stm32cube.ide.mcu.externaltools.gnu-tools-for-stm32.10.3-2021.10.win32_1.0.100.202210260954/tools/bin/../lib/gcc/arm-none-eabi/10.3.1/thumb/v7e-m+fp/hard/crtn.o
 *(.fini)
 .fini          0x0000000008002550        0x4 c:/st/stm32cubeide_1.11.0/stm32cubeide/plugins/com.st.stm32cube.ide.mcu.externaltools.gnu-tools-for-stm32.10.3-2021.10.win32_1.0.100.202210260954/tools/bin/../lib/gcc/arm-none-eabi/10.3.1/thumb/v7e-m+fp/hard/crti.o
                0x0000000008002550                _fini
 .fini          0x0000000008002554        0x8 c:/st/stm32cubeide_1.11.0/stm32cubeide/plugins/com.st.stm32cube.ide.mcu.externaltools.gnu-tools-for-stm32.10.3-2021.10.win32_1.0.100.202210260954/tools/bin/../lib/gcc/arm-none-eabi/10.3.1/thumb/v7e-m+fp/hard/crtn.o
                0x000000000800255c                . = ALIGN (0x4)
                0x000000000800255c                _etext = .

.vfp11_veneer   0x000000000800255c        0x0
 .vfp11_veneer  0x000000000800255c        0x0 linker stubs

.v4_bx          0x000000000800255c        0x0
 .v4_bx         0x000000000800255c        0x0 linker stubs

.iplt           0x000000000800255c        0x0
 .iplt          0x000000000800255c        0x0 c:/st/stm32cubeide_1.11.0/stm32cubeide/plugins/com.st.stm32cube.ide.mcu.externaltools.gnu-tools-for-stm32.10.3-2021.10.win32_1.0.100.202210260954/tools/bin/../lib/gcc/arm-none-eabi/10.3.1/thumb/v7e-m+fp/hard/crtbegin.o

.rodata         0x000000000800255c      0x390
                0x000000000800255c                . = ALIGN (0x4)
 *(.rodata)
 .rodata        0x000000000800255c       0x86 ./Core/Src/Devices/GPIO.o
 *fill*         0x00000000080025e2        0x2 
 .rodata        0x00000000080025e4       0x91 ./Core/Src/Midi/song.o
 *fill*         0x0000000008002675        0x3 
 .rodata        0x0000000008002678      0x23f ./Core/Src/project.o
 *(.rodata*)
 .rodata._svfprintf_r.str1.1
                0x00000000080028b7       0x11 c:/st/stm32cubeide_1.11.0/stm32cubeide/plugins/com.st.stm32cube.ide.mcu.externaltools.gnu-tools-for-stm32.10.3-2021.10.win32_1.0.100.202210260954/tools/bin/../lib/gcc/arm-none-eabi/10.3.1/../../../../arm-none-eabi/lib/thumb/v7e-m+fp/hard\libc_nano.a(lib_a-nano-svfprintf.o)
 .rodata._printf_i.str1.1
                0x00000000080028c8       0x22 c:/st/stm32cubeide_1.11.0/stm32cubeide/plugins/com.st.stm32cube.ide.mcu.externaltools.gnu-tools-for-stm32.10.3-2021.10.win32_1.0.100.202210260954/tools/bin/../lib/gcc/arm-none-eabi/10.3.1/../../../../arm-none-eabi/lib/thumb/v7e-m+fp/hard\libc_nano.a(lib_a-nano-vfprintf_i.o)
                0x00000000080028ec                . = ALIGN (0x4)
 *fill*         0x00000000080028ea        0x2 

.rel.dyn        0x00000000080028ec        0x0
 .rel.iplt      0x00000000080028ec        0x0 c:/st/stm32cubeide_1.11.0/stm32cubeide/plugins/com.st.stm32cube.ide.mcu.externaltools.gnu-tools-for-stm32.10.3-2021.10.win32_1.0.100.202210260954/tools/bin/../lib/gcc/arm-none-eabi/10.3.1/thumb/v7e-m+fp/hard/crtbegin.o

.ARM.extab      0x00000000080028ec        0x0
                0x00000000080028ec                . = ALIGN (0x4)
 *(.ARM.extab* .gnu.linkonce.armextab.*)
                0x00000000080028ec                . = ALIGN (0x4)

.ARM            0x00000000080028ec        0x0
                0x00000000080028ec                . = ALIGN (0x4)
                0x00000000080028ec                __exidx_start = .
 *(.ARM.exidx*)
                0x00000000080028ec                __exidx_end = .
                0x00000000080028ec                . = ALIGN (0x4)

.preinit_array  0x00000000080028ec        0x0
                0x00000000080028ec                . = ALIGN (0x4)
                0x00000000080028ec                PROVIDE (__preinit_array_start = .)
 *(.preinit_array*)
                0x00000000080028ec                PROVIDE (__preinit_array_end = .)
                0x00000000080028ec                . = ALIGN (0x4)

.init_array     0x00000000080028ec        0x4
                0x00000000080028ec                . = ALIGN (0x4)
                0x00000000080028ec                PROVIDE (__init_array_start = .)
 *(SORT_BY_NAME(.init_array.*))
 *(.init_array*)
 .init_array    0x00000000080028ec        0x4 c:/st/stm32cubeide_1.11.0/stm32cubeide/plugins/com.st.stm32cube.ide.mcu.externaltools.gnu-tools-for-stm32.10.3-2021.10.win32_1.0.100.202210260954/tools/bin/../lib/gcc/arm-none-eabi/10.3.1/thumb/v7e-m+fp/hard/crtbegin.o
                0x00000000080028f0                PROVIDE (__init_array_end = .)
                0x00000000080028f0                . = ALIGN (0x4)

.fini_array     0x00000000080028f0        0x4
                0x00000000080028f0                . = ALIGN (0x4)
                [!provide]                        PROVIDE (__fini_array_start = .)
 *(SORT_BY_NAME(.fini_array.*))
 *(.fini_array*)
 .fini_array    0x00000000080028f0        0x4 c:/st/stm32cubeide_1.11.0/stm32cubeide/plugins/com.st.stm32cube.ide.mcu.externaltools.gnu-tools-for-stm32.10.3-2021.10.win32_1.0.100.202210260954/tools/bin/../lib/gcc/arm-none-eabi/10.3.1/thumb/v7e-m+fp/hard/crtbegin.o
                [!provide]                        PROVIDE (__fini_array_end = .)
                0x00000000080028f4                . = ALIGN (0x4)
                0x00000000080028f4                _sidata = LOADADDR (.data)

.data           0x0000000020000000     0x6f94 load address 0x00000000080028f4
                0x0000000020000000                . = ALIGN (0x4)
                0x0000000020000000                _sdata = .
 *(.data)
 *(.data*)
 .data.switched
                0x0000000020000000        0x4 ./Core/Src/Devices/GPIO.o
                0x0000000020000000                switched
 .data.remote   0x0000000020000004        0x1 ./Core/Src/Devices/GPIO.o
                0x0000000020000004                remote
 *fill*         0x0000000020000005        0x3 
 .data.song0    0x0000000020000008      0x20f ./Core/Src/Midi/song.o
                0x0000000020000008                song0
 *fill*         0x0000000020000217        0x1 
 .data.song1    0x0000000020000218      0x26b ./Core/Src/Midi/song.o
                0x0000000020000218                song1
 *fill*         0x0000000020000483        0x1 
 .data.song2    0x0000000020000484      0x39f ./Core/Src/Midi/song.o
                0x0000000020000484                song2
 *fill*         0x0000000020000823        0x1 
 .data.song3    0x0000000020000824     0x21e0 ./Core/Src/Midi/song.o
                0x0000000020000824                song3
 .data.song4    0x0000000020002a04     0x44fb ./Core/Src/Midi/song.o
                0x0000000020002a04                song4
 *fill*         0x0000000020006eff        0x1 
 .data.songs    0x0000000020006f00       0x28 ./Core/Src/Midi/song.o
                0x0000000020006f00                songs
 .data.systick  0x0000000020006f28        0x4 ./Core/Src/System/systick.o
 .data.bs       0x0000000020006f2c        0x1 ./Core/Src/project.o
                0x0000000020006f2c                bs
 .data.uwTickFreq
                0x0000000020006f2d        0x1 ./Drivers/STM32L4xx_HAL_Driver/Src/stm32l4xx_hal.o
                0x0000000020006f2d                uwTickFreq
 *fill*         0x0000000020006f2e        0x2 
 .data._impure_ptr
                0x0000000020006f30        0x4 c:/st/stm32cubeide_1.11.0/stm32cubeide/plugins/com.st.stm32cube.ide.mcu.externaltools.gnu-tools-for-stm32.10.3-2021.10.win32_1.0.100.202210260954/tools/bin/../lib/gcc/arm-none-eabi/10.3.1/../../../../arm-none-eabi/lib/thumb/v7e-m+fp/hard\libc_nano.a(lib_a-impure.o)
                0x0000000020006f30                _impure_ptr
 .data.impure_data
                0x0000000020006f34       0x60 c:/st/stm32cubeide_1.11.0/stm32cubeide/plugins/com.st.stm32cube.ide.mcu.externaltools.gnu-tools-for-stm32.10.3-2021.10.win32_1.0.100.202210260954/tools/bin/../lib/gcc/arm-none-eabi/10.3.1/../../../../arm-none-eabi/lib/thumb/v7e-m+fp/hard\libc_nano.a(lib_a-impure.o)
 *(.RamFunc)
 *(.RamFunc*)
                0x0000000020006f94                . = ALIGN (0x4)
                0x0000000020006f94                _edata = .

.igot.plt       0x0000000020006f94        0x0 load address 0x0000000008009888
 .igot.plt      0x0000000020006f94        0x0 c:/st/stm32cubeide_1.11.0/stm32cubeide/plugins/com.st.stm32cube.ide.mcu.externaltools.gnu-tools-for-stm32.10.3-2021.10.win32_1.0.100.202210260954/tools/bin/../lib/gcc/arm-none-eabi/10.3.1/thumb/v7e-m+fp/hard/crtbegin.o
                0x0000000020006f94                . = ALIGN (0x4)

.bss            0x0000000020006f94       0xbc load address 0x0000000008009888
                0x0000000020006f94                _sbss = .
                0x0000000020006f94                __bss_start__ = _sbss
 *(.bss)
 .bss           0x0000000020006f94       0x1c c:/st/stm32cubeide_1.11.0/stm32cubeide/plugins/com.st.stm32cube.ide.mcu.externaltools.gnu-tools-for-stm32.10.3-2021.10.win32_1.0.100.202210260954/tools/bin/../lib/gcc/arm-none-eabi/10.3.1/thumb/v7e-m+fp/hard/crtbegin.o
 *(.bss*)
 .bss.presses   0x0000000020006fb0        0x4 ./Core/Src/Devices/GPIO.o
                0x0000000020006fb0                presses
 .bss.local     0x0000000020006fb4        0x4 ./Core/Src/Devices/GPIO.o
                0x0000000020006fb4                local
 .bss.blink     0x0000000020006fb8        0x1 ./Core/Src/Devices/GPIO.o
                0x0000000020006fb8                blink
 *fill*         0x0000000020006fb9        0x3 
 .bss.one_second
                0x0000000020006fbc        0x4 ./Core/Src/Devices/GPIO.o
                0x0000000020006fbc                one_second
 .bss.player    0x0000000020006fc0        0x1 ./Core/Src/Devices/GPIO.o
                0x0000000020006fc0                player
 .bss.paused    0x0000000020006fc1        0x1 ./Core/Src/Devices/GPIO.o
                0x0000000020006fc1                paused
 *fill*         0x0000000020006fc2        0x2 
 .bss.first     0x0000000020006fc4        0x4 ./Core/Src/Devices/GPIO.o
                0x0000000020006fc4                first
 .bss.hdac1     0x0000000020006fc8       0x14 ./Core/Src/Devices/dac.o
                0x0000000020006fc8                hdac1
 .bss.buffer    0x0000000020006fdc       0x50 ./Core/Src/System/printf.o
 .bss.__sbrk_heap_end
                0x000000002000702c        0x4 ./Core/Src/System/sysmem.o
 .bss.counter   0x0000000020007030        0x4 ./Core/Src/System/systick.o
 .bss.one_second_elapsed
                0x0000000020007034        0x4 ./Core/Src/System/systick.o
 .bss.count.0   0x0000000020007038        0x4 ./Core/Src/System/systick.o
 .bss.uwTick    0x000000002000703c        0x4 ./Drivers/STM32L4xx_HAL_Driver/Src/stm32l4xx_hal.o
                0x000000002000703c                uwTick
 .bss.__malloc_free_list
                0x0000000020007040        0x4 c:/st/stm32cubeide_1.11.0/stm32cubeide/plugins/com.st.stm32cube.ide.mcu.externaltools.gnu-tools-for-stm32.10.3-2021.10.win32_1.0.100.202210260954/tools/bin/../lib/gcc/arm-none-eabi/10.3.1/../../../../arm-none-eabi/lib/thumb/v7e-m+fp/hard\libc_nano.a(lib_a-nano-mallocr.o)
                0x0000000020007040                __malloc_free_list
 .bss.__malloc_sbrk_start
                0x0000000020007044        0x4 c:/st/stm32cubeide_1.11.0/stm32cubeide/plugins/com.st.stm32cube.ide.mcu.externaltools.gnu-tools-for-stm32.10.3-2021.10.win32_1.0.100.202210260954/tools/bin/../lib/gcc/arm-none-eabi/10.3.1/../../../../arm-none-eabi/lib/thumb/v7e-m+fp/hard\libc_nano.a(lib_a-nano-mallocr.o)
                0x0000000020007044                __malloc_sbrk_start
 .bss.errno     0x0000000020007048        0x4 c:/st/stm32cubeide_1.11.0/stm32cubeide/plugins/com.st.stm32cube.ide.mcu.externaltools.gnu-tools-for-stm32.10.3-2021.10.win32_1.0.100.202210260954/tools/bin/../lib/gcc/arm-none-eabi/10.3.1/../../../../arm-none-eabi/lib/thumb/v7e-m+fp/hard\libc_nano.a(lib_a-reent.o)
                0x0000000020007048                errno
 .bss.__lock___malloc_recursive_mutex
                0x000000002000704c        0x1 c:/st/stm32cubeide_1.11.0/stm32cubeide/plugins/com.st.stm32cube.ide.mcu.externaltools.gnu-tools-for-stm32.10.3-2021.10.win32_1.0.100.202210260954/tools/bin/../lib/gcc/arm-none-eabi/10.3.1/../../../../arm-none-eabi/lib/thumb/v7e-m+fp/hard\libc_nano.a(lib_a-lock.o)
                0x000000002000704c                __lock___malloc_recursive_mutex
 *(COMMON)
                0x0000000020007050                . = ALIGN (0x4)
 *fill*         0x000000002000704d        0x3 
                0x0000000020007050                _ebss = .
                0x0000000020007050                __bss_end__ = _ebss

._user_heap_stack
                0x0000000020007050      0x600 load address 0x0000000008009888
                0x0000000020007050                . = ALIGN (0x8)
                [!provide]                        PROVIDE (end = .)
                0x0000000020007050                PROVIDE (_end = .)
                0x0000000020007250                . = (. + _Min_Heap_Size)
 *fill*         0x0000000020007050      0x200 
                0x0000000020007650                . = (. + _Min_Stack_Size)
 *fill*         0x0000000020007250      0x400 
                0x0000000020007650                . = ALIGN (0x8)

/DISCARD/
 libc.a(*)
 libm.a(*)
 libgcc.a(*)

.ARM.attributes
                0x0000000000000000       0x30
 *(.ARM.attributes)
 .ARM.attributes
                0x0000000000000000       0x1e c:/st/stm32cubeide_1.11.0/stm32cubeide/plugins/com.st.stm32cube.ide.mcu.externaltools.gnu-tools-for-stm32.10.3-2021.10.win32_1.0.100.202210260954/tools/bin/../lib/gcc/arm-none-eabi/10.3.1/thumb/v7e-m+fp/hard/crti.o
 .ARM.attributes
                0x000000000000001e       0x34 c:/st/stm32cubeide_1.11.0/stm32cubeide/plugins/com.st.stm32cube.ide.mcu.externaltools.gnu-tools-for-stm32.10.3-2021.10.win32_1.0.100.202210260954/tools/bin/../lib/gcc/arm-none-eabi/10.3.1/thumb/v7e-m+fp/hard/crtbegin.o
 .ARM.attributes
                0x0000000000000052       0x34 ./Core/Src/Demos/adc_dac_demo.o
 .ARM.attributes
                0x0000000000000086       0x34 ./Core/Src/Devices/GPIO.o
 .ARM.attributes
                0x00000000000000ba       0x34 ./Core/Src/Devices/LED.o
 .ARM.attributes
                0x00000000000000ee       0x34 ./Core/Src/Devices/UART.o
 .ARM.attributes
                0x0000000000000122       0x34 ./Core/Src/Devices/dac.o
 .ARM.attributes
                0x0000000000000156       0x34 ./Core/Src/Midi/song.o
 .ARM.attributes
                0x000000000000018a       0x34 ./Core/Src/System/SysClock.o
 .ARM.attributes
                0x00000000000001be       0x34 ./Core/Src/System/printf.o
 .ARM.attributes
                0x00000000000001f2       0x34 ./Core/Src/System/sysmem.o
 .ARM.attributes
                0x0000000000000226       0x34 ./Core/Src/System/system_stm32l4xx.o
 .ARM.attributes
                0x000000000000025a       0x34 ./Core/Src/System/systick.o
 .ARM.attributes
                0x000000000000028e       0x34 ./Core/Src/main.o
 .ARM.attributes
                0x00000000000002c2       0x34 ./Core/Src/project.o
 .ARM.attributes
                0x00000000000002f6       0x21 ./Core/Startup/startup_stm32l476rgtx.o
 .ARM.attributes
                0x0000000000000317       0x34 ./Drivers/STM32L4xx_HAL_Driver/Src/stm32l4xx_hal.o
 .ARM.attributes
                0x000000000000034b       0x34 ./Drivers/STM32L4xx_HAL_Driver/Src/stm32l4xx_hal_dac.o
 .ARM.attributes
                0x000000000000037f       0x34 ./Drivers/STM32L4xx_HAL_Driver/Src/stm32l4xx_hal_gpio.o
 .ARM.attributes
                0x00000000000003b3       0x34 c:/st/stm32cubeide_1.11.0/stm32cubeide/plugins/com.st.stm32cube.ide.mcu.externaltools.gnu-tools-for-stm32.10.3-2021.10.win32_1.0.100.202210260954/tools/bin/../lib/gcc/arm-none-eabi/10.3.1/../../../../arm-none-eabi/lib/thumb/v7e-m+fp/hard\libc_nano.a(lib_a-errno.o)
 .ARM.attributes
                0x00000000000003e7       0x34 c:/st/stm32cubeide_1.11.0/stm32cubeide/plugins/com.st.stm32cube.ide.mcu.externaltools.gnu-tools-for-stm32.10.3-2021.10.win32_1.0.100.202210260954/tools/bin/../lib/gcc/arm-none-eabi/10.3.1/../../../../arm-none-eabi/lib/thumb/v7e-m+fp/hard\libc_nano.a(lib_a-impure.o)
 .ARM.attributes
                0x000000000000041b       0x34 c:/st/stm32cubeide_1.11.0/stm32cubeide/plugins/com.st.stm32cube.ide.mcu.externaltools.gnu-tools-for-stm32.10.3-2021.10.win32_1.0.100.202210260954/tools/bin/../lib/gcc/arm-none-eabi/10.3.1/../../../../arm-none-eabi/lib/thumb/v7e-m+fp/hard\libc_nano.a(lib_a-init.o)
 .ARM.attributes
                0x000000000000044f       0x34 c:/st/stm32cubeide_1.11.0/stm32cubeide/plugins/com.st.stm32cube.ide.mcu.externaltools.gnu-tools-for-stm32.10.3-2021.10.win32_1.0.100.202210260954/tools/bin/../lib/gcc/arm-none-eabi/10.3.1/../../../../arm-none-eabi/lib/thumb/v7e-m+fp/hard\libc_nano.a(lib_a-memset.o)
 .ARM.attributes
                0x0000000000000483       0x1c c:/st/stm32cubeide_1.11.0/stm32cubeide/plugins/com.st.stm32cube.ide.mcu.externaltools.gnu-tools-for-stm32.10.3-2021.10.win32_1.0.100.202210260954/tools/bin/../lib/gcc/arm-none-eabi/10.3.1/../../../../arm-none-eabi/lib/thumb/v7e-m+fp/hard\libc_nano.a(lib_a-strcmp.o)
 .ARM.attributes
                0x000000000000049f       0x34 c:/st/stm32cubeide_1.11.0/stm32cubeide/plugins/com.st.stm32cube.ide.mcu.externaltools.gnu-tools-for-stm32.10.3-2021.10.win32_1.0.100.202210260954/tools/bin/../lib/gcc/arm-none-eabi/10.3.1/../../../../arm-none-eabi/lib/thumb/v7e-m+fp/hard\libc_nano.a(lib_a-vsprintf.o)
 .ARM.attributes
                0x00000000000004d3       0x34 c:/st/stm32cubeide_1.11.0/stm32cubeide/plugins/com.st.stm32cube.ide.mcu.externaltools.gnu-tools-for-stm32.10.3-2021.10.win32_1.0.100.202210260954/tools/bin/../lib/gcc/arm-none-eabi/10.3.1/../../../../arm-none-eabi/lib/thumb/v7e-m+fp/hard\libc_nano.a(lib_a-nano-svfprintf.o)
 .ARM.attributes
                0x0000000000000507       0x34 c:/st/stm32cubeide_1.11.0/stm32cubeide/plugins/com.st.stm32cube.ide.mcu.externaltools.gnu-tools-for-stm32.10.3-2021.10.win32_1.0.100.202210260954/tools/bin/../lib/gcc/arm-none-eabi/10.3.1/../../../../arm-none-eabi/lib/thumb/v7e-m+fp/hard\libc_nano.a(lib_a-nano-vfprintf_i.o)
 .ARM.attributes
                0x000000000000053b       0x1c c:/st/stm32cubeide_1.11.0/stm32cubeide/plugins/com.st.stm32cube.ide.mcu.externaltools.gnu-tools-for-stm32.10.3-2021.10.win32_1.0.100.202210260954/tools/bin/../lib/gcc/arm-none-eabi/10.3.1/../../../../arm-none-eabi/lib/thumb/v7e-m+fp/hard\libc_nano.a(lib_a-memchr.o)
 .ARM.attributes
                0x0000000000000557       0x34 c:/st/stm32cubeide_1.11.0/stm32cubeide/plugins/com.st.stm32cube.ide.mcu.externaltools.gnu-tools-for-stm32.10.3-2021.10.win32_1.0.100.202210260954/tools/bin/../lib/gcc/arm-none-eabi/10.3.1/../../../../arm-none-eabi/lib/thumb/v7e-m+fp/hard\libc_nano.a(lib_a-memcpy-stub.o)
 .ARM.attributes
                0x000000000000058b       0x34 c:/st/stm32cubeide_1.11.0/stm32cubeide/plugins/com.st.stm32cube.ide.mcu.externaltools.gnu-tools-for-stm32.10.3-2021.10.win32_1.0.100.202210260954/tools/bin/../lib/gcc/arm-none-eabi/10.3.1/../../../../arm-none-eabi/lib/thumb/v7e-m+fp/hard\libc_nano.a(lib_a-memmove.o)
 .ARM.attributes
                0x00000000000005bf       0x34 c:/st/stm32cubeide_1.11.0/stm32cubeide/plugins/com.st.stm32cube.ide.mcu.externaltools.gnu-tools-for-stm32.10.3-2021.10.win32_1.0.100.202210260954/tools/bin/../lib/gcc/arm-none-eabi/10.3.1/../../../../arm-none-eabi/lib/thumb/v7e-m+fp/hard\libc_nano.a(lib_a-nano-freer.o)
 .ARM.attributes
                0x00000000000005f3       0x34 c:/st/stm32cubeide_1.11.0/stm32cubeide/plugins/com.st.stm32cube.ide.mcu.externaltools.gnu-tools-for-stm32.10.3-2021.10.win32_1.0.100.202210260954/tools/bin/../lib/gcc/arm-none-eabi/10.3.1/../../../../arm-none-eabi/lib/thumb/v7e-m+fp/hard\libc_nano.a(lib_a-nano-mallocr.o)
 .ARM.attributes
                0x0000000000000627       0x34 c:/st/stm32cubeide_1.11.0/stm32cubeide/plugins/com.st.stm32cube.ide.mcu.externaltools.gnu-tools-for-stm32.10.3-2021.10.win32_1.0.100.202210260954/tools/bin/../lib/gcc/arm-none-eabi/10.3.1/../../../../arm-none-eabi/lib/thumb/v7e-m+fp/hard\libc_nano.a(lib_a-nano-reallocr.o)
 .ARM.attributes
                0x000000000000065b       0x34 c:/st/stm32cubeide_1.11.0/stm32cubeide/plugins/com.st.stm32cube.ide.mcu.externaltools.gnu-tools-for-stm32.10.3-2021.10.win32_1.0.100.202210260954/tools/bin/../lib/gcc/arm-none-eabi/10.3.1/../../../../arm-none-eabi/lib/thumb/v7e-m+fp/hard\libc_nano.a(lib_a-sbrkr.o)
 .ARM.attributes
                0x000000000000068f       0x34 c:/st/stm32cubeide_1.11.0/stm32cubeide/plugins/com.st.stm32cube.ide.mcu.externaltools.gnu-tools-for-stm32.10.3-2021.10.win32_1.0.100.202210260954/tools/bin/../lib/gcc/arm-none-eabi/10.3.1/../../../../arm-none-eabi/lib/thumb/v7e-m+fp/hard\libc_nano.a(lib_a-mlock.o)
 .ARM.attributes
                0x00000000000006c3       0x34 c:/st/stm32cubeide_1.11.0/stm32cubeide/plugins/com.st.stm32cube.ide.mcu.externaltools.gnu-tools-for-stm32.10.3-2021.10.win32_1.0.100.202210260954/tools/bin/../lib/gcc/arm-none-eabi/10.3.1/../../../../arm-none-eabi/lib/thumb/v7e-m+fp/hard\libc_nano.a(lib_a-nano-msizer.o)
 .ARM.attributes
                0x00000000000006f7       0x34 c:/st/stm32cubeide_1.11.0/stm32cubeide/plugins/com.st.stm32cube.ide.mcu.externaltools.gnu-tools-for-stm32.10.3-2021.10.win32_1.0.100.202210260954/tools/bin/../lib/gcc/arm-none-eabi/10.3.1/../../../../arm-none-eabi/lib/thumb/v7e-m+fp/hard\libc_nano.a(lib_a-reent.o)
 .ARM.attributes
                0x000000000000072b       0x34 c:/st/stm32cubeide_1.11.0/stm32cubeide/plugins/com.st.stm32cube.ide.mcu.externaltools.gnu-tools-for-stm32.10.3-2021.10.win32_1.0.100.202210260954/tools/bin/../lib/gcc/arm-none-eabi/10.3.1/../../../../arm-none-eabi/lib/thumb/v7e-m+fp/hard\libc_nano.a(lib_a-lock.o)
 .ARM.attributes
                0x000000000000075f       0x1e c:/st/stm32cubeide_1.11.0/stm32cubeide/plugins/com.st.stm32cube.ide.mcu.externaltools.gnu-tools-for-stm32.10.3-2021.10.win32_1.0.100.202210260954/tools/bin/../lib/gcc/arm-none-eabi/10.3.1/thumb/v7e-m+fp/hard/crtn.o
OUTPUT(SWEN_340_project.elf elf32-littlearm)
LOAD linker stubs
LOAD c:/st/stm32cubeide_1.11.0/stm32cubeide/plugins/com.st.stm32cube.ide.mcu.externaltools.gnu-tools-for-stm32.10.3-2021.10.win32_1.0.100.202210260954/tools/bin/../lib/gcc/arm-none-eabi/10.3.1/../../../../arm-none-eabi/lib/thumb/v7e-m+fp/hard\libc.a
LOAD c:/st/stm32cubeide_1.11.0/stm32cubeide/plugins/com.st.stm32cube.ide.mcu.externaltools.gnu-tools-for-stm32.10.3-2021.10.win32_1.0.100.202210260954/tools/bin/../lib/gcc/arm-none-eabi/10.3.1/../../../../arm-none-eabi/lib/thumb/v7e-m+fp/hard\libm.a
LOAD c:/st/stm32cubeide_1.11.0/stm32cubeide/plugins/com.st.stm32cube.ide.mcu.externaltools.gnu-tools-for-stm32.10.3-2021.10.win32_1.0.100.202210260954/tools/bin/../lib/gcc/arm-none-eabi/10.3.1/thumb/v7e-m+fp/hard\libgcc.a

.debug_info     0x0000000000000000     0x5de4
 .debug_info    0x0000000000000000      0x1e3 ./Core/Src/Demos/adc_dac_demo.o
 .debug_info    0x00000000000001e3      0xb92 ./Core/Src/Devices/GPIO.o
 .debug_info    0x0000000000000d75      0x42b ./Core/Src/Devices/LED.o
 .debug_info    0x00000000000011a0      0x68d ./Core/Src/Devices/UART.o
 .debug_info    0x000000000000182d      0xab5 ./Core/Src/Devices/dac.o
 .debug_info    0x00000000000022e2      0x601 ./Core/Src/Midi/song.o
 .debug_info    0x00000000000028e3      0x3fc ./Core/Src/System/SysClock.o
 .debug_info    0x0000000000002cdf      0x32a ./Core/Src/System/printf.o
 .debug_info    0x0000000000003009      0x171 ./Core/Src/System/sysmem.o
 .debug_info    0x000000000000317a      0x5e8 ./Core/Src/System/system_stm32l4xx.o
 .debug_info    0x0000000000003762      0x1d4 ./Core/Src/System/systick.o
 .debug_info    0x0000000000003936      0x106 ./Core/Src/main.o
 .debug_info    0x0000000000003a3c      0x519 ./Core/Src/project.o
 .debug_info    0x0000000000003f55       0x22 ./Core/Startup/startup_stm32l476rgtx.o
 .debug_info    0x0000000000003f77      0xb35 ./Drivers/STM32L4xx_HAL_Driver/Src/stm32l4xx_hal.o
 .debug_info    0x0000000000004aac      0xb17 ./Drivers/STM32L4xx_HAL_Driver/Src/stm32l4xx_hal_dac.o
 .debug_info    0x00000000000055c3      0x821 ./Drivers/STM32L4xx_HAL_Driver/Src/stm32l4xx_hal_gpio.o

.debug_abbrev   0x0000000000000000     0x1715
 .debug_abbrev  0x0000000000000000      0x102 ./Core/Src/Demos/adc_dac_demo.o
 .debug_abbrev  0x0000000000000102      0x272 ./Core/Src/Devices/GPIO.o
 .debug_abbrev  0x0000000000000374       0xdc ./Core/Src/Devices/LED.o
 .debug_abbrev  0x0000000000000450      0x1b7 ./Core/Src/Devices/UART.o
 .debug_abbrev  0x0000000000000607      0x203 ./Core/Src/Devices/dac.o
 .debug_abbrev  0x000000000000080a      0x19a ./Core/Src/Midi/song.o
 .debug_abbrev  0x00000000000009a4       0xc0 ./Core/Src/System/SysClock.o
 .debug_abbrev  0x0000000000000a64      0x16d ./Core/Src/System/printf.o
 .debug_abbrev  0x0000000000000bd1       0xbb ./Core/Src/System/sysmem.o
 .debug_abbrev  0x0000000000000c8c      0x13b ./Core/Src/System/system_stm32l4xx.o
 .debug_abbrev  0x0000000000000dc7       0xd3 ./Core/Src/System/systick.o
 .debug_abbrev  0x0000000000000e9a       0x9f ./Core/Src/main.o
 .debug_abbrev  0x0000000000000f39      0x1cc ./Core/Src/project.o
 .debug_abbrev  0x0000000000001105       0x12 ./Core/Startup/startup_stm32l476rgtx.o
 .debug_abbrev  0x0000000000001117      0x23a ./Drivers/STM32L4xx_HAL_Driver/Src/stm32l4xx_hal.o
 .debug_abbrev  0x0000000000001351      0x209 ./Drivers/STM32L4xx_HAL_Driver/Src/stm32l4xx_hal_dac.o
 .debug_abbrev  0x000000000000155a      0x1bb ./Drivers/STM32L4xx_HAL_Driver/Src/stm32l4xx_hal_gpio.o

.debug_aranges  0x0000000000000000      0x550
 .debug_aranges
                0x0000000000000000       0x28 ./Core/Src/Demos/adc_dac_demo.o
 .debug_aranges
                0x0000000000000028       0x58 ./Core/Src/Devices/GPIO.o
 .debug_aranges
                0x0000000000000080       0x38 ./Core/Src/Devices/LED.o
 .debug_aranges
                0x00000000000000b8       0x60 ./Core/Src/Devices/UART.o
 .debug_aranges
                0x0000000000000118       0x40 ./Core/Src/Devices/dac.o
 .debug_aranges
                0x0000000000000158       0x48 ./Core/Src/Midi/song.o
 .debug_aranges
                0x00000000000001a0       0x20 ./Core/Src/System/SysClock.o
 .debug_aranges
                0x00000000000001c0       0x30 ./Core/Src/System/printf.o
 .debug_aranges
                0x00000000000001f0       0x20 ./Core/Src/System/sysmem.o
 .debug_aranges
                0x0000000000000210       0x28 ./Core/Src/System/system_stm32l4xx.o
 .debug_aranges
                0x0000000000000238       0x50 ./Core/Src/System/systick.o
 .debug_aranges
                0x0000000000000288       0x20 ./Core/Src/main.o
 .debug_aranges
                0x00000000000002a8       0x38 ./Core/Src/project.o
 .debug_aranges
                0x00000000000002e0       0x28 ./Core/Startup/startup_stm32l476rgtx.o
 .debug_aranges
                0x0000000000000308      0x130 ./Drivers/STM32L4xx_HAL_Driver/Src/stm32l4xx_hal.o
 .debug_aranges
                0x0000000000000438       0xc0 ./Drivers/STM32L4xx_HAL_Driver/Src/stm32l4xx_hal_dac.o
 .debug_aranges
                0x00000000000004f8       0x58 ./Drivers/STM32L4xx_HAL_Driver/Src/stm32l4xx_hal_gpio.o

.debug_ranges   0x0000000000000000      0x448
 .debug_ranges  0x0000000000000000       0x18 ./Core/Src/Demos/adc_dac_demo.o
 .debug_ranges  0x0000000000000018       0x48 ./Core/Src/Devices/GPIO.o
 .debug_ranges  0x0000000000000060       0x28 ./Core/Src/Devices/LED.o
 .debug_ranges  0x0000000000000088       0x50 ./Core/Src/Devices/UART.o
 .debug_ranges  0x00000000000000d8       0x30 ./Core/Src/Devices/dac.o
 .debug_ranges  0x0000000000000108       0x38 ./Core/Src/Midi/song.o
 .debug_ranges  0x0000000000000140       0x10 ./Core/Src/System/SysClock.o
 .debug_ranges  0x0000000000000150       0x20 ./Core/Src/System/printf.o
 .debug_ranges  0x0000000000000170       0x10 ./Core/Src/System/sysmem.o
 .debug_ranges  0x0000000000000180       0x18 ./Core/Src/System/system_stm32l4xx.o
 .debug_ranges  0x0000000000000198       0x40 ./Core/Src/System/systick.o
 .debug_ranges  0x00000000000001d8       0x10 ./Core/Src/main.o
 .debug_ranges  0x00000000000001e8       0x28 ./Core/Src/project.o
 .debug_ranges  0x0000000000000210       0x20 ./Core/Startup/startup_stm32l476rgtx.o
 .debug_ranges  0x0000000000000230      0x120 ./Drivers/STM32L4xx_HAL_Driver/Src/stm32l4xx_hal.o
 .debug_ranges  0x0000000000000350       0xb0 ./Drivers/STM32L4xx_HAL_Driver/Src/stm32l4xx_hal_dac.o
 .debug_ranges  0x0000000000000400       0x48 ./Drivers/STM32L4xx_HAL_Driver/Src/stm32l4xx_hal_gpio.o

.debug_macro    0x0000000000000000    0x27310
 .debug_macro   0x0000000000000000      0x233 ./Core/Src/Demos/adc_dac_demo.o
 .debug_macro   0x0000000000000233      0xa78 ./Core/Src/Demos/adc_dac_demo.o
 .debug_macro   0x0000000000000cab       0x2e ./Core/Src/Demos/adc_dac_demo.o
 .debug_macro   0x0000000000000cd9       0x28 ./Core/Src/Demos/adc_dac_demo.o
 .debug_macro   0x0000000000000d01       0x22 ./Core/Src/Demos/adc_dac_demo.o
 .debug_macro   0x0000000000000d23       0x8e ./Core/Src/Demos/adc_dac_demo.o
 .debug_macro   0x0000000000000db1       0x51 ./Core/Src/Demos/adc_dac_demo.o
 .debug_macro   0x0000000000000e02      0x103 ./Core/Src/Demos/adc_dac_demo.o
 .debug_macro   0x0000000000000f05       0x6a ./Core/Src/Demos/adc_dac_demo.o
 .debug_macro   0x0000000000000f6f      0x1df ./Core/Src/Demos/adc_dac_demo.o
 .debug_macro   0x000000000000114e       0x1c ./Core/Src/Demos/adc_dac_demo.o
 .debug_macro   0x000000000000116a       0x22 ./Core/Src/Demos/adc_dac_demo.o
 .debug_macro   0x000000000000118c       0xfb ./Core/Src/Demos/adc_dac_demo.o
 .debug_macro   0x0000000000001287     0x1011 ./Core/Src/Demos/adc_dac_demo.o
 .debug_macro   0x0000000000002298      0x11f ./Core/Src/Demos/adc_dac_demo.o
 .debug_macro   0x00000000000023b7    0x1a17a ./Core/Src/Demos/adc_dac_demo.o
 .debug_macro   0x000000000001c531       0x6d ./Core/Src/Demos/adc_dac_demo.o
 .debug_macro   0x000000000001c59e      0x1ad ./Core/Src/Demos/adc_dac_demo.o
 .debug_macro   0x000000000001c74b     0x38e6 ./Core/Src/Demos/adc_dac_demo.o
 .debug_macro   0x0000000000020031      0x174 ./Core/Src/Demos/adc_dac_demo.o
 .debug_macro   0x00000000000201a5       0x5c ./Core/Src/Demos/adc_dac_demo.o
 .debug_macro   0x0000000000020201     0x159e ./Core/Src/Demos/adc_dac_demo.o
 .debug_macro   0x000000000002179f      0x5a5 ./Core/Src/Demos/adc_dac_demo.o
 .debug_macro   0x0000000000021d44      0x1b9 ./Core/Src/Demos/adc_dac_demo.o
 .debug_macro   0x0000000000021efd      0x18b ./Core/Src/Demos/adc_dac_demo.o
 .debug_macro   0x0000000000022088      0x26b ./Core/Src/Demos/adc_dac_demo.o
 .debug_macro   0x00000000000222f3      0x23d ./Core/Src/Demos/adc_dac_demo.o
 .debug_macro   0x0000000000022530      0xf83 ./Core/Src/Demos/adc_dac_demo.o
 .debug_macro   0x00000000000234b3      0x632 ./Core/Src/Demos/adc_dac_demo.o
 .debug_macro   0x0000000000023ae5      0x30c ./Core/Src/Demos/adc_dac_demo.o
 .debug_macro   0x0000000000023df1      0x153 ./Core/Src/Demos/adc_dac_demo.o
 .debug_macro   0x0000000000023f44       0xd8 ./Core/Src/Demos/adc_dac_demo.o
 .debug_macro   0x000000000002401c      0x241 ./Core/Src/Demos/adc_dac_demo.o
 .debug_macro   0x000000000002425d      0x37c ./Core/Src/Demos/adc_dac_demo.o
 .debug_macro   0x00000000000245d9       0xd6 ./Core/Src/Demos/adc_dac_demo.o
 .debug_macro   0x00000000000246af      0x22c ./Core/Src/Demos/adc_dac_demo.o
 .debug_macro   0x00000000000248db       0x61 ./Core/Src/Demos/adc_dac_demo.o
 .debug_macro   0x000000000002493c       0xa5 ./Core/Src/Demos/adc_dac_demo.o
 .debug_macro   0x00000000000249e1      0x122 ./Core/Src/Demos/adc_dac_demo.o
 .debug_macro   0x0000000000024b03      0x3ef ./Core/Src/Demos/adc_dac_demo.o
 .debug_macro   0x0000000000024ef2      0x330 ./Core/Src/Demos/adc_dac_demo.o
 .debug_macro   0x0000000000025222       0x16 ./Core/Src/Demos/adc_dac_demo.o
 .debug_macro   0x0000000000025238      0x3aa ./Core/Src/Devices/GPIO.o
 .debug_macro   0x00000000000255e2       0x5e ./Core/Src/Devices/GPIO.o
 .debug_macro   0x0000000000025640       0x10 ./Core/Src/Devices/GPIO.o
 .debug_macro   0x0000000000025650       0x22 ./Core/Src/Devices/GPIO.o
 .debug_macro   0x0000000000025672       0x10 ./Core/Src/Devices/GPIO.o
 .debug_macro   0x0000000000025682       0x52 ./Core/Src/Devices/GPIO.o
 .debug_macro   0x00000000000256d4       0xce ./Core/Src/Devices/LED.o
 .debug_macro   0x00000000000257a2       0xdb ./Core/Src/Devices/UART.o
 .debug_macro   0x000000000002587d      0x1fb ./Core/Src/Devices/dac.o
 .debug_macro   0x0000000000025a78      0x2c3 ./Core/Src/Midi/song.o
 .debug_macro   0x0000000000025d3b       0x1c ./Core/Src/Midi/song.o
 .debug_macro   0x0000000000025d57       0x16 ./Core/Src/Midi/song.o
 .debug_macro   0x0000000000025d6d       0x16 ./Core/Src/Midi/song.o
 .debug_macro   0x0000000000025d83       0x29 ./Core/Src/Midi/song.o
 .debug_macro   0x0000000000025dac       0xc9 ./Core/Src/System/SysClock.o
 .debug_macro   0x0000000000025e75      0x23d ./Core/Src/System/printf.o
 .debug_macro   0x00000000000260b2       0x58 ./Core/Src/System/printf.o
 .debug_macro   0x000000000002610a       0xff ./Core/Src/System/sysmem.o
 .debug_macro   0x0000000000026209      0x23b ./Core/Src/System/sysmem.o
 .debug_macro   0x0000000000026444      0x1ee ./Core/Src/System/system_stm32l4xx.o
 .debug_macro   0x0000000000026632       0xd9 ./Core/Src/System/systick.o
 .debug_macro   0x000000000002670b      0x272 ./Core/Src/main.o
 .debug_macro   0x000000000002697d       0x16 ./Core/Src/main.o
 .debug_macro   0x0000000000026993       0x10 ./Core/Src/main.o
 .debug_macro   0x00000000000269a3      0x33b ./Core/Src/project.o
 .debug_macro   0x0000000000026cde       0x16 ./Core/Src/project.o
 .debug_macro   0x0000000000026cf4      0x236 ./Drivers/STM32L4xx_HAL_Driver/Src/stm32l4xx_hal.o
 .debug_macro   0x0000000000026f2a      0x1f7 ./Drivers/STM32L4xx_HAL_Driver/Src/stm32l4xx_hal_dac.o
 .debug_macro   0x0000000000027121      0x1ef ./Drivers/STM32L4xx_HAL_Driver/Src/stm32l4xx_hal_gpio.o

.debug_line     0x0000000000000000     0x833b
 .debug_line    0x0000000000000000      0x7ae ./Core/Src/Demos/adc_dac_demo.o
 .debug_line    0x00000000000007ae      0xbb7 ./Core/Src/Devices/GPIO.o
 .debug_line    0x0000000000001365      0x50d ./Core/Src/Devices/LED.o
 .debug_line    0x0000000000001872      0x68c ./Core/Src/Devices/UART.o
 .debug_line    0x0000000000001efe      0x7cb ./Core/Src/Devices/dac.o
 .debug_line    0x00000000000026c9      0x94d ./Core/Src/Midi/song.o
 .debug_line    0x0000000000003016      0x558 ./Core/Src/System/SysClock.o
 .debug_line    0x000000000000356e      0x6c6 ./Core/Src/System/printf.o
 .debug_line    0x0000000000003c34      0x4fb ./Core/Src/System/sysmem.o
 .debug_line    0x000000000000412f      0x7e2 ./Core/Src/System/system_stm32l4xx.o
 .debug_line    0x0000000000004911      0x543 ./Core/Src/System/systick.o
 .debug_line    0x0000000000004e54      0x7d0 ./Core/Src/main.o
 .debug_line    0x0000000000005624      0xa42 ./Core/Src/project.o
 .debug_line    0x0000000000006066       0x88 ./Core/Startup/startup_stm32l476rgtx.o
 .debug_line    0x00000000000060ee      0xb00 ./Drivers/STM32L4xx_HAL_Driver/Src/stm32l4xx_hal.o
 .debug_line    0x0000000000006bee      0xbd9 ./Drivers/STM32L4xx_HAL_Driver/Src/stm32l4xx_hal_dac.o
 .debug_line    0x00000000000077c7      0xb74 ./Drivers/STM32L4xx_HAL_Driver/Src/stm32l4xx_hal_gpio.o

.debug_str      0x0000000000000000    0xf7946
 .debug_str     0x0000000000000000    0xf176a ./Core/Src/Demos/adc_dac_demo.o
                                      0xf1c50 (size before relaxing)
 .debug_str     0x00000000000f176a     0x46ec ./Core/Src/Devices/GPIO.o
                                      0xf6337 (size before relaxing)
 .debug_str     0x00000000000f5e56       0x22 ./Core/Src/Devices/LED.o
                                      0x9e2d5 (size before relaxing)
 .debug_str     0x00000000000f5e78       0xf2 ./Core/Src/Devices/UART.o
                                      0x9e39a (size before relaxing)
 .debug_str     0x00000000000f5f6a      0x48b ./Core/Src/Devices/dac.o
                                      0xf22ca (size before relaxing)
 .debug_str     0x00000000000f63f5      0x291 ./Core/Src/Midi/song.o
                                      0xa24c1 (size before relaxing)
 .debug_str     0x00000000000f6686       0xb4 ./Core/Src/System/SysClock.o
                                      0x9e2d3 (size before relaxing)
 .debug_str     0x00000000000f673a      0x126 ./Core/Src/System/printf.o
                                      0xa239c (size before relaxing)
 .debug_str     0x00000000000f6860      0x4e1 ./Core/Src/System/sysmem.o
                                       0x5dde (size before relaxing)
 .debug_str     0x00000000000f6d41      0x10e ./Core/Src/System/system_stm32l4xx.o
                                      0xf1d2e (size before relaxing)
 .debug_str     0x00000000000f6e4f       0x58 ./Core/Src/System/systick.o
                                      0x9e1b5 (size before relaxing)
 .debug_str     0x00000000000f6ea7       0x2a ./Core/Src/main.o
                                      0xf1d8b (size before relaxing)
 .debug_str     0x00000000000f6ed1       0x83 ./Core/Src/project.o
                                      0xf4d01 (size before relaxing)
 .debug_str     0x00000000000f6f54       0x36 ./Core/Startup/startup_stm32l476rgtx.o
                                         0x99 (size before relaxing)
 .debug_str     0x00000000000f6f8a      0x676 ./Drivers/STM32L4xx_HAL_Driver/Src/stm32l4xx_hal.o
                                      0xf289f (size before relaxing)
 .debug_str     0x00000000000f7600      0x249 ./Drivers/STM32L4xx_HAL_Driver/Src/stm32l4xx_hal_dac.o
                                      0xf21d8 (size before relaxing)
 .debug_str     0x00000000000f7849       0xfd ./Drivers/STM32L4xx_HAL_Driver/Src/stm32l4xx_hal_gpio.o
                                      0xf1e85 (size before relaxing)

.comment        0x0000000000000000       0x50
 .comment       0x0000000000000000       0x50 ./Core/Src/Demos/adc_dac_demo.o
                                         0x51 (size before relaxing)
 .comment       0x0000000000000050       0x51 ./Core/Src/Devices/GPIO.o
 .comment       0x0000000000000050       0x51 ./Core/Src/Devices/LED.o
 .comment       0x0000000000000050       0x51 ./Core/Src/Devices/UART.o
 .comment       0x0000000000000050       0x51 ./Core/Src/Devices/dac.o
 .comment       0x0000000000000050       0x51 ./Core/Src/Midi/song.o
 .comment       0x0000000000000050       0x51 ./Core/Src/System/SysClock.o
 .comment       0x0000000000000050       0x51 ./Core/Src/System/printf.o
 .comment       0x0000000000000050       0x51 ./Core/Src/System/sysmem.o
 .comment       0x0000000000000050       0x51 ./Core/Src/System/system_stm32l4xx.o
 .comment       0x0000000000000050       0x51 ./Core/Src/System/systick.o
 .comment       0x0000000000000050       0x51 ./Core/Src/main.o
 .comment       0x0000000000000050       0x51 ./Core/Src/project.o
 .comment       0x0000000000000050       0x51 ./Drivers/STM32L4xx_HAL_Driver/Src/stm32l4xx_hal.o
 .comment       0x0000000000000050       0x51 ./Drivers/STM32L4xx_HAL_Driver/Src/stm32l4xx_hal_dac.o
 .comment       0x0000000000000050       0x51 ./Drivers/STM32L4xx_HAL_Driver/Src/stm32l4xx_hal_gpio.o

.debug_frame    0x0000000000000000     0x15b8
 .debug_frame   0x0000000000000000       0x50 ./Core/Src/Demos/adc_dac_demo.o
 .debug_frame   0x0000000000000050      0x124 ./Core/Src/Devices/GPIO.o
 .debug_frame   0x0000000000000174       0xb0 ./Core/Src/Devices/LED.o
 .debug_frame   0x0000000000000224      0x158 ./Core/Src/Devices/UART.o
 .debug_frame   0x000000000000037c       0xbc ./Core/Src/Devices/dac.o
 .debug_frame   0x0000000000000438      0x108 ./Core/Src/Midi/song.o
 .debug_frame   0x0000000000000540       0x38 ./Core/Src/System/SysClock.o
 .debug_frame   0x0000000000000578       0x94 ./Core/Src/System/printf.o
 .debug_frame   0x000000000000060c       0x34 ./Core/Src/System/sysmem.o
 .debug_frame   0x0000000000000640       0x58 ./Core/Src/System/system_stm32l4xx.o
 .debug_frame   0x0000000000000698       0xf0 ./Core/Src/System/systick.o
 .debug_frame   0x0000000000000788       0x2c ./Core/Src/main.o
 .debug_frame   0x00000000000007b4       0x98 ./Core/Src/project.o
 .debug_frame   0x000000000000084c      0x498 ./Drivers/STM32L4xx_HAL_Driver/Src/stm32l4xx_hal.o
 .debug_frame   0x0000000000000ce4      0x338 ./Drivers/STM32L4xx_HAL_Driver/Src/stm32l4xx_hal_dac.o
 .debug_frame   0x000000000000101c      0x14c ./Drivers/STM32L4xx_HAL_Driver/Src/stm32l4xx_hal_gpio.o
 .debug_frame   0x0000000000001168       0x20 c:/st/stm32cubeide_1.11.0/stm32cubeide/plugins/com.st.stm32cube.ide.mcu.externaltools.gnu-tools-for-stm32.10.3-2021.10.win32_1.0.100.202210260954/tools/bin/../lib/gcc/arm-none-eabi/10.3.1/../../../../arm-none-eabi/lib/thumb/v7e-m+fp/hard\libc_nano.a(lib_a-errno.o)
 .debug_frame   0x0000000000001188       0x2c c:/st/stm32cubeide_1.11.0/stm32cubeide/plugins/com.st.stm32cube.ide.mcu.externaltools.gnu-tools-for-stm32.10.3-2021.10.win32_1.0.100.202210260954/tools/bin/../lib/gcc/arm-none-eabi/10.3.1/../../../../arm-none-eabi/lib/thumb/v7e-m+fp/hard\libc_nano.a(lib_a-init.o)
 .debug_frame   0x00000000000011b4       0x20 c:/st/stm32cubeide_1.11.0/stm32cubeide/plugins/com.st.stm32cube.ide.mcu.externaltools.gnu-tools-for-stm32.10.3-2021.10.win32_1.0.100.202210260954/tools/bin/../lib/gcc/arm-none-eabi/10.3.1/../../../../arm-none-eabi/lib/thumb/v7e-m+fp/hard\libc_nano.a(lib_a-memset.o)
 .debug_frame   0x00000000000011d4       0x20 c:/st/stm32cubeide_1.11.0/stm32cubeide/plugins/com.st.stm32cube.ide.mcu.externaltools.gnu-tools-for-stm32.10.3-2021.10.win32_1.0.100.202210260954/tools/bin/../lib/gcc/arm-none-eabi/10.3.1/../../../../arm-none-eabi/lib/thumb/v7e-m+fp/hard\libc_nano.a(lib_a-strcmp.o)
 .debug_frame   0x00000000000011f4       0x3c c:/st/stm32cubeide_1.11.0/stm32cubeide/plugins/com.st.stm32cube.ide.mcu.externaltools.gnu-tools-for-stm32.10.3-2021.10.win32_1.0.100.202210260954/tools/bin/../lib/gcc/arm-none-eabi/10.3.1/../../../../arm-none-eabi/lib/thumb/v7e-m+fp/hard\libc_nano.a(lib_a-vsprintf.o)
 .debug_frame   0x0000000000001230       0x90 c:/st/stm32cubeide_1.11.0/stm32cubeide/plugins/com.st.stm32cube.ide.mcu.externaltools.gnu-tools-for-stm32.10.3-2021.10.win32_1.0.100.202210260954/tools/bin/../lib/gcc/arm-none-eabi/10.3.1/../../../../arm-none-eabi/lib/thumb/v7e-m+fp/hard\libc_nano.a(lib_a-nano-svfprintf.o)
 .debug_frame   0x00000000000012c0       0x60 c:/st/stm32cubeide_1.11.0/stm32cubeide/plugins/com.st.stm32cube.ide.mcu.externaltools.gnu-tools-for-stm32.10.3-2021.10.win32_1.0.100.202210260954/tools/bin/../lib/gcc/arm-none-eabi/10.3.1/../../../../arm-none-eabi/lib/thumb/v7e-m+fp/hard\libc_nano.a(lib_a-nano-vfprintf_i.o)
 .debug_frame   0x0000000000001320       0x28 c:/st/stm32cubeide_1.11.0/stm32cubeide/plugins/com.st.stm32cube.ide.mcu.externaltools.gnu-tools-for-stm32.10.3-2021.10.win32_1.0.100.202210260954/tools/bin/../lib/gcc/arm-none-eabi/10.3.1/../../../../arm-none-eabi/lib/thumb/v7e-m+fp/hard\libc_nano.a(lib_a-memcpy-stub.o)
 .debug_frame   0x0000000000001348       0x28 c:/st/stm32cubeide_1.11.0/stm32cubeide/plugins/com.st.stm32cube.ide.mcu.externaltools.gnu-tools-for-stm32.10.3-2021.10.win32_1.0.100.202210260954/tools/bin/../lib/gcc/arm-none-eabi/10.3.1/../../../../arm-none-eabi/lib/thumb/v7e-m+fp/hard\libc_nano.a(lib_a-memmove.o)
 .debug_frame   0x0000000000001370       0x38 c:/st/stm32cubeide_1.11.0/stm32cubeide/plugins/com.st.stm32cube.ide.mcu.externaltools.gnu-tools-for-stm32.10.3-2021.10.win32_1.0.100.202210260954/tools/bin/../lib/gcc/arm-none-eabi/10.3.1/../../../../arm-none-eabi/lib/thumb/v7e-m+fp/hard\libc_nano.a(lib_a-nano-freer.o)
 .debug_frame   0x00000000000013a8       0x4c c:/st/stm32cubeide_1.11.0/stm32cubeide/plugins/com.st.stm32cube.ide.mcu.externaltools.gnu-tools-for-stm32.10.3-2021.10.win32_1.0.100.202210260954/tools/bin/../lib/gcc/arm-none-eabi/10.3.1/../../../../arm-none-eabi/lib/thumb/v7e-m+fp/hard\libc_nano.a(lib_a-nano-mallocr.o)
 .debug_frame   0x00000000000013f4       0x3c c:/st/stm32cubeide_1.11.0/stm32cubeide/plugins/com.st.stm32cube.ide.mcu.externaltools.gnu-tools-for-stm32.10.3-2021.10.win32_1.0.100.202210260954/tools/bin/../lib/gcc/arm-none-eabi/10.3.1/../../../../arm-none-eabi/lib/thumb/v7e-m+fp/hard\libc_nano.a(lib_a-nano-reallocr.o)
 .debug_frame   0x0000000000001430       0x2c c:/st/stm32cubeide_1.11.0/stm32cubeide/plugins/com.st.stm32cube.ide.mcu.externaltools.gnu-tools-for-stm32.10.3-2021.10.win32_1.0.100.202210260954/tools/bin/../lib/gcc/arm-none-eabi/10.3.1/../../../../arm-none-eabi/lib/thumb/v7e-m+fp/hard\libc_nano.a(lib_a-sbrkr.o)
 .debug_frame   0x000000000000145c       0x30 c:/st/stm32cubeide_1.11.0/stm32cubeide/plugins/com.st.stm32cube.ide.mcu.externaltools.gnu-tools-for-stm32.10.3-2021.10.win32_1.0.100.202210260954/tools/bin/../lib/gcc/arm-none-eabi/10.3.1/../../../../arm-none-eabi/lib/thumb/v7e-m+fp/hard\libc_nano.a(lib_a-mlock.o)
 .debug_frame   0x000000000000148c       0x20 c:/st/stm32cubeide_1.11.0/stm32cubeide/plugins/com.st.stm32cube.ide.mcu.externaltools.gnu-tools-for-stm32.10.3-2021.10.win32_1.0.100.202210260954/tools/bin/../lib/gcc/arm-none-eabi/10.3.1/../../../../arm-none-eabi/lib/thumb/v7e-m+fp/hard\libc_nano.a(lib_a-nano-msizer.o)
 .debug_frame   0x00000000000014ac       0x5c c:/st/stm32cubeide_1.11.0/stm32cubeide/plugins/com.st.stm32cube.ide.mcu.externaltools.gnu-tools-for-stm32.10.3-2021.10.win32_1.0.100.202210260954/tools/bin/../lib/gcc/arm-none-eabi/10.3.1/../../../../arm-none-eabi/lib/thumb/v7e-m+fp/hard\libc_nano.a(lib_a-reent.o)
 .debug_frame   0x0000000000001508       0xb0 c:/st/stm32cubeide_1.11.0/stm32cubeide/plugins/com.st.stm32cube.ide.mcu.externaltools.gnu-tools-for-stm32.10.3-2021.10.win32_1.0.100.202210260954/tools/bin/../lib/gcc/arm-none-eabi/10.3.1/../../../../arm-none-eabi/lib/thumb/v7e-m+fp/hard\libc_nano.a(lib_a-lock.o)
